Archive member included to satisfy reference by file (symbol)

c:/program files (x86)/atmel/studio/7.0/toolchain/avr8/avr8-gnu-toolchain/bin/../lib/gcc/avr/5.4.0/../../../../avr/lib/avrxmega3/short-calls\libm.a(addsf3.o)
                              libraries/onboard-temperature-sensor/ATtiny814_OnBoardTemperatureSensor.o (__subsf3)
c:/program files (x86)/atmel/studio/7.0/toolchain/avr8/avr8-gnu-toolchain/bin/../lib/gcc/avr/5.4.0/../../../../avr/lib/avrxmega3/short-calls\libm.a(addsf3x.o)
                              c:/program files (x86)/atmel/studio/7.0/toolchain/avr8/avr8-gnu-toolchain/bin/../lib/gcc/avr/5.4.0/../../../../avr/lib/avrxmega3/short-calls\libm.a(addsf3.o) (__addsf3x)
c:/program files (x86)/atmel/studio/7.0/toolchain/avr8/avr8-gnu-toolchain/bin/../lib/gcc/avr/5.4.0/../../../../avr/lib/avrxmega3/short-calls\libm.a(cmpsf2.o)
                              libraries/onboard-heater/ATtiny814_OnBoardHeater.o (__ltsf2)
c:/program files (x86)/atmel/studio/7.0/toolchain/avr8/avr8-gnu-toolchain/bin/../lib/gcc/avr/5.4.0/../../../../avr/lib/avrxmega3/short-calls\libm.a(divsf3.o)
                              libraries/adc/ATtiny814_ADC.o (__divsf3)
c:/program files (x86)/atmel/studio/7.0/toolchain/avr8/avr8-gnu-toolchain/bin/../lib/gcc/avr/5.4.0/../../../../avr/lib/avrxmega3/short-calls\libm.a(divsf3x.o)
                              c:/program files (x86)/atmel/studio/7.0/toolchain/avr8/avr8-gnu-toolchain/bin/../lib/gcc/avr/5.4.0/../../../../avr/lib/avrxmega3/short-calls\libm.a(divsf3.o) (__divsf3x)
c:/program files (x86)/atmel/studio/7.0/toolchain/avr8/avr8-gnu-toolchain/bin/../lib/gcc/avr/5.4.0/../../../../avr/lib/avrxmega3/short-calls\libm.a(fixsfsi.o)
                              main.o (__fixsfsi)
c:/program files (x86)/atmel/studio/7.0/toolchain/avr8/avr8-gnu-toolchain/bin/../lib/gcc/avr/5.4.0/../../../../avr/lib/avrxmega3/short-calls\libm.a(fixunssfsi.o)
                              libraries/tca/ATtiny814_TCA.o (__fixunssfsi)
c:/program files (x86)/atmel/studio/7.0/toolchain/avr8/avr8-gnu-toolchain/bin/../lib/gcc/avr/5.4.0/../../../../avr/lib/avrxmega3/short-calls\libm.a(floatsisf.o)
                              libraries/adc/ATtiny814_ADC.o (__floatunsisf)
c:/program files (x86)/atmel/studio/7.0/toolchain/avr8/avr8-gnu-toolchain/bin/../lib/gcc/avr/5.4.0/../../../../avr/lib/avrxmega3/short-calls\libm.a(fp_cmp.o)
                              c:/program files (x86)/atmel/studio/7.0/toolchain/avr8/avr8-gnu-toolchain/bin/../lib/gcc/avr/5.4.0/../../../../avr/lib/avrxmega3/short-calls\libm.a(cmpsf2.o) (__fp_cmp)
c:/program files (x86)/atmel/studio/7.0/toolchain/avr8/avr8-gnu-toolchain/bin/../lib/gcc/avr/5.4.0/../../../../avr/lib/avrxmega3/short-calls\libm.a(fp_inf.o)
                              c:/program files (x86)/atmel/studio/7.0/toolchain/avr8/avr8-gnu-toolchain/bin/../lib/gcc/avr/5.4.0/../../../../avr/lib/avrxmega3/short-calls\libm.a(addsf3x.o) (__fp_inf)
c:/program files (x86)/atmel/studio/7.0/toolchain/avr8/avr8-gnu-toolchain/bin/../lib/gcc/avr/5.4.0/../../../../avr/lib/avrxmega3/short-calls\libm.a(fp_nan.o)
                              c:/program files (x86)/atmel/studio/7.0/toolchain/avr8/avr8-gnu-toolchain/bin/../lib/gcc/avr/5.4.0/../../../../avr/lib/avrxmega3/short-calls\libm.a(addsf3x.o) (__fp_nan)
c:/program files (x86)/atmel/studio/7.0/toolchain/avr8/avr8-gnu-toolchain/bin/../lib/gcc/avr/5.4.0/../../../../avr/lib/avrxmega3/short-calls\libm.a(fp_pscA.o)
                              c:/program files (x86)/atmel/studio/7.0/toolchain/avr8/avr8-gnu-toolchain/bin/../lib/gcc/avr/5.4.0/../../../../avr/lib/avrxmega3/short-calls\libm.a(addsf3x.o) (__fp_pscA)
c:/program files (x86)/atmel/studio/7.0/toolchain/avr8/avr8-gnu-toolchain/bin/../lib/gcc/avr/5.4.0/../../../../avr/lib/avrxmega3/short-calls\libm.a(fp_pscB.o)
                              c:/program files (x86)/atmel/studio/7.0/toolchain/avr8/avr8-gnu-toolchain/bin/../lib/gcc/avr/5.4.0/../../../../avr/lib/avrxmega3/short-calls\libm.a(addsf3x.o) (__fp_pscB)
c:/program files (x86)/atmel/studio/7.0/toolchain/avr8/avr8-gnu-toolchain/bin/../lib/gcc/avr/5.4.0/../../../../avr/lib/avrxmega3/short-calls\libm.a(fp_round.o)
                              c:/program files (x86)/atmel/studio/7.0/toolchain/avr8/avr8-gnu-toolchain/bin/../lib/gcc/avr/5.4.0/../../../../avr/lib/avrxmega3/short-calls\libm.a(addsf3.o) (__fp_round)
c:/program files (x86)/atmel/studio/7.0/toolchain/avr8/avr8-gnu-toolchain/bin/../lib/gcc/avr/5.4.0/../../../../avr/lib/avrxmega3/short-calls\libm.a(fp_split3.o)
                              c:/program files (x86)/atmel/studio/7.0/toolchain/avr8/avr8-gnu-toolchain/bin/../lib/gcc/avr/5.4.0/../../../../avr/lib/avrxmega3/short-calls\libm.a(addsf3x.o) (__fp_split3)
c:/program files (x86)/atmel/studio/7.0/toolchain/avr8/avr8-gnu-toolchain/bin/../lib/gcc/avr/5.4.0/../../../../avr/lib/avrxmega3/short-calls\libm.a(fp_zero.o)
                              c:/program files (x86)/atmel/studio/7.0/toolchain/avr8/avr8-gnu-toolchain/bin/../lib/gcc/avr/5.4.0/../../../../avr/lib/avrxmega3/short-calls\libm.a(addsf3x.o) (__fp_zero)
c:/program files (x86)/atmel/studio/7.0/toolchain/avr8/avr8-gnu-toolchain/bin/../lib/gcc/avr/5.4.0/../../../../avr/lib/avrxmega3/short-calls\libm.a(gesf2.o)
                              libraries/tca/ATtiny814_TCA.o (__gesf2)
c:/program files (x86)/atmel/studio/7.0/toolchain/avr8/avr8-gnu-toolchain/bin/../lib/gcc/avr/5.4.0/../../../../avr/lib/avrxmega3/short-calls\libm.a(mulsf3.o)
                              libraries/adc/ATtiny814_ADC.o (__mulsf3)
c:/program files (x86)/atmel/studio/7.0/toolchain/avr8/avr8-gnu-toolchain/bin/../lib/gcc/avr/5.4.0/../../../../avr/lib/avrxmega3/short-calls\libm.a(mulsf3x.o)
                              c:/program files (x86)/atmel/studio/7.0/toolchain/avr8/avr8-gnu-toolchain/bin/../lib/gcc/avr/5.4.0/../../../../avr/lib/avrxmega3/short-calls\libm.a(mulsf3.o) (__mulsf3x)
c:/program files (x86)/atmel/studio/7.0/toolchain/avr8/avr8-gnu-toolchain/bin/../lib/gcc/avr/5.4.0/avrxmega3/short-calls\libgcc.a(_udivmodsi4.o)
                              libraries/tca/ATtiny814_TCA.o (__udivmodsi4)
c:/program files (x86)/atmel/studio/7.0/toolchain/avr8/avr8-gnu-toolchain/bin/../lib/gcc/avr/5.4.0/avrxmega3/short-calls\libgcc.a(_exit.o)
                              C:/Program Files (x86)/Atmel/Studio/7.0/Packs/atmel/ATtiny_DFP/1.3.229/gcc/dev/attiny814/avrxmega3/short-calls/crtattiny814.o (exit)
c:/program files (x86)/atmel/studio/7.0/toolchain/avr8/avr8-gnu-toolchain/bin/../lib/gcc/avr/5.4.0/avrxmega3/short-calls\libgcc.a(_clear_bss.o)
                              libraries/twi/ATtiny814_TWI.o (__do_clear_bss)
c:/program files (x86)/atmel/studio/7.0/toolchain/avr8/avr8-gnu-toolchain/bin/../lib/gcc/avr/5.4.0/avrxmega3/short-calls\libgcc.a(_ctors.o)
                              libraries/twi/ATtiny814_TWI.o (__do_global_ctors)
c:/program files (x86)/atmel/studio/7.0/toolchain/avr8/avr8-gnu-toolchain/bin/../lib/gcc/avr/5.4.0/avrxmega3/short-calls\libgcc.a(_dtors.o)
                              libraries/twi/ATtiny814_TWI.o (__do_global_dtors)
c:/program files (x86)/atmel/studio/7.0/toolchain/avr8/avr8-gnu-toolchain/bin/../lib/gcc/avr/5.4.0/avrxmega3/short-calls\libgcc.a(_muluhisi3.o)
                              libraries/tca/ATtiny814_TCA.o (__muluhisi3)
c:/program files (x86)/atmel/studio/7.0/toolchain/avr8/avr8-gnu-toolchain/bin/../lib/gcc/avr/5.4.0/avrxmega3/short-calls\libgcc.a(_tablejump2.o)
                              c:/program files (x86)/atmel/studio/7.0/toolchain/avr8/avr8-gnu-toolchain/bin/../lib/gcc/avr/5.4.0/avrxmega3/short-calls\libgcc.a(_ctors.o) (__tablejump2__)
c:/program files (x86)/atmel/studio/7.0/toolchain/avr8/avr8-gnu-toolchain/bin/../lib/gcc/avr/5.4.0/avrxmega3/short-calls\libgcc.a(_umulhisi3.o)
                              c:/program files (x86)/atmel/studio/7.0/toolchain/avr8/avr8-gnu-toolchain/bin/../lib/gcc/avr/5.4.0/avrxmega3/short-calls\libgcc.a(_muluhisi3.o) (__umulhisi3)
c:/program files (x86)/atmel/studio/7.0/toolchain/avr8/avr8-gnu-toolchain/bin/../lib/gcc/avr/5.4.0/../../../../avr/lib/avrxmega3/short-calls\libc.a(malloc.o)
                              libraries/twi/ATtiny814_TWI.o (malloc)
c:/program files (x86)/atmel/studio/7.0/toolchain/avr8/avr8-gnu-toolchain/bin/../lib/gcc/avr/5.4.0/avrxmega3/short-calls\libgcc.a(_copy_data.o)
                              c:/program files (x86)/atmel/studio/7.0/toolchain/avr8/avr8-gnu-toolchain/bin/../lib/gcc/avr/5.4.0/../../../../avr/lib/avrxmega3/short-calls\libc.a(malloc.o) (__do_copy_data)

Allocating common symbols
Common symbol       size              file

__brkval            0x2               c:/program files (x86)/atmel/studio/7.0/toolchain/avr8/avr8-gnu-toolchain/bin/../lib/gcc/avr/5.4.0/../../../../avr/lib/avrxmega3/short-calls\libc.a(malloc.o)
__flp               0x2               c:/program files (x86)/atmel/studio/7.0/toolchain/avr8/avr8-gnu-toolchain/bin/../lib/gcc/avr/5.4.0/../../../../avr/lib/avrxmega3/short-calls\libc.a(malloc.o)

Discarded input sections

 .data          0x00000000        0x0 C:/Program Files (x86)/Atmel/Studio/7.0/Packs/atmel/ATtiny_DFP/1.3.229/gcc/dev/attiny814/avrxmega3/short-calls/crtattiny814.o
 .bss           0x00000000        0x0 C:/Program Files (x86)/Atmel/Studio/7.0/Packs/atmel/ATtiny_DFP/1.3.229/gcc/dev/attiny814/avrxmega3/short-calls/crtattiny814.o
 .text          0x00000000        0x0 libraries/adc/ATtiny814_ADC.o
 .data          0x00000000        0x0 libraries/adc/ATtiny814_ADC.o
 .bss           0x00000000        0x0 libraries/adc/ATtiny814_ADC.o
 .text._ZN13ATtiny814_ADCC2E7Channel
                0x00000000       0x32 libraries/adc/ATtiny814_ADC.o
 .text._ZN13ATtiny814_ADCC2E7Channel7RunMode10Resolution9Prescaler
                0x00000000       0x26 libraries/adc/ATtiny814_ADC.o
 .text._ZN13ATtiny814_ADC6enableEv
                0x00000000        0xe libraries/adc/ATtiny814_ADC.o
 .text._ZN13ATtiny814_ADC23triggerConversion_asyncEv
                0x00000000       0x14 libraries/adc/ATtiny814_ADC.o
 .text._ZN13ATtiny814_ADC14triggerAndReadEv
                0x00000000       0x2e libraries/adc/ATtiny814_ADC.o
 .text._ZN13ATtiny814_ADC9toVoltageEj12InternalVRef
                0x00000000       0x44 libraries/adc/ATtiny814_ADC.o
 .text._ZN13ATtiny814_ADC9toVoltageEjd
                0x00000000       0x2c libraries/adc/ATtiny814_ADC.o
 .text._ZN13ATtiny814_ADC26enableResultReadyInterruptEv
                0x00000000        0xc libraries/adc/ATtiny814_ADC.o
 .text._ZN13ATtiny814_ADC34enableThresholdComparatorInterruptE19ThresholdComparatorj
                0x00000000       0x28 libraries/adc/ATtiny814_ADC.o
 .text._ZN13ATtiny814_ADC31enableWindowComparatorInterruptE16WindowComparatorjj
                0x00000000       0x16 libraries/adc/ATtiny814_ADC.o
 .text._ZN13ATtiny814_ADC20clearResultReadyFlagEv
                0x00000000        0xc libraries/adc/ATtiny814_ADC.o
 .text._ZN13ATtiny814_ADC19clearComparatorFlagEv
                0x00000000        0xc libraries/adc/ATtiny814_ADC.o
 .text._ZN13ATtiny814_ADC10getChannelEv
                0x00000000        0x8 libraries/adc/ATtiny814_ADC.o
 .text._ZN13ATtiny814_ADC10getRunModeEv
                0x00000000        0xa libraries/adc/ATtiny814_ADC.o
 .text._ZN13ATtiny814_ADC13getResolutionEv
                0x00000000        0xa libraries/adc/ATtiny814_ADC.o
 .text._ZN13ATtiny814_ADC12getPrescalerEv
                0x00000000        0xa libraries/adc/ATtiny814_ADC.o
 .text._ZN13ATtiny814_ADC19getReferenceVoltageEv
                0x00000000        0xa libraries/adc/ATtiny814_ADC.o
 .text._ZN13ATtiny814_ADC15getAccumulationEv
                0x00000000        0x8 libraries/adc/ATtiny814_ADC.o
 .text._ZN13ATtiny814_ADC17getComparatorModeEv
                0x00000000       0x30 libraries/adc/ATtiny814_ADC.o
 .text._ZN13ATtiny814_ADC22getThresholdComparatorEv
                0x00000000       0x14 libraries/adc/ATtiny814_ADC.o
 .text._ZN13ATtiny814_ADC19getWindowComparatorEv
                0x00000000       0x14 libraries/adc/ATtiny814_ADC.o
 .text._ZN13ATtiny814_ADC10setChannelE7Channel
                0x00000000        0x6 libraries/adc/ATtiny814_ADC.o
 .text._ZN13ATtiny814_ADC10getRunModeE7RunMode
                0x00000000       0x1e libraries/adc/ATtiny814_ADC.o
 .text._ZN13ATtiny814_ADC13setResolutionE10Resolution
                0x00000000       0x1e libraries/adc/ATtiny814_ADC.o
 .text._ZN13ATtiny814_ADC12setPrescalerE9Prescaler
                0x00000000       0x12 libraries/adc/ATtiny814_ADC.o
 .text._ZN13ATtiny814_ADC18setRefereceVoltageE16ReferenceVoltage
                0x00000000       0x16 libraries/adc/ATtiny814_ADC.o
 .text._ZN13ATtiny814_ADC15setAccumulationE12Accumulation
                0x00000000       0x12 libraries/adc/ATtiny814_ADC.o
 .text          0x00000000        0x0 libraries/clock-controller/ClockController.o
 .data          0x00000000        0x0 libraries/clock-controller/ClockController.o
 .bss           0x00000000        0x0 libraries/clock-controller/ClockController.o
 .text._ZN25ATtiny814_ClockController15enablePrescalerEv
                0x00000000       0x10 libraries/clock-controller/ClockController.o
 .text._ZN25ATtiny814_ClockController16disablePrescalerEv
                0x00000000       0x10 libraries/clock-controller/ClockController.o
 .text._ZN25ATtiny814_ClockController19lockMainClockConfigEv
                0x00000000       0x10 libraries/clock-controller/ClockController.o
 .text._ZN25ATtiny814_ClockController14getClockSourceEv
                0x00000000        0x8 libraries/clock-controller/ClockController.o
 .text._ZN25ATtiny814_ClockController12getPrescalerEv
                0x00000000       0x32 libraries/clock-controller/ClockController.o
 .text._ZN25ATtiny814_ClockController6OSC20M12runInStandbyEb
                0x00000000       0x24 libraries/clock-controller/ClockController.o
 .text._ZN25ATtiny814_ClockController6OSC20M15lockCalibrationEv
                0x00000000        0xe libraries/clock-controller/ClockController.o
 .text._ZN25ATtiny814_ClockController6OSC20M23setFrequencyCoefficientEh
                0x00000000       0x12 libraries/clock-controller/ClockController.o
 .text._ZN25ATtiny814_ClockController6OSC20M25setTemperatureCoefficientEh
                0x00000000       0x12 libraries/clock-controller/ClockController.o
 .text._ZN25ATtiny814_ClockController6OSC20M8isLockedEv
                0x00000000        0xc libraries/clock-controller/ClockController.o
 .text._ZN25ATtiny814_ClockController6OSC20M8isStableEv
                0x00000000        0xa libraries/clock-controller/ClockController.o
 .text._ZN25ATtiny814_ClockController6OSC20M12getFrequencyEv
                0x00000000       0x1e libraries/clock-controller/ClockController.o
 .text._ZN25ATtiny814_ClockController8getF_CPUEv
                0x00000000       0x54 libraries/clock-controller/ClockController.o
 .text._ZN25ATtiny814_ClockController6OSC20M23getFrequencyCoefficientEv
                0x00000000        0x8 libraries/clock-controller/ClockController.o
 .text._ZN25ATtiny814_ClockController6OSC20M25getTemperatureCoefficientEv
                0x00000000        0x8 libraries/clock-controller/ClockController.o
 .text._ZN25ATtiny814_ClockController9OSCULP32K12runInStandbyEb
                0x00000000       0x24 libraries/clock-controller/ClockController.o
 .text._ZN25ATtiny814_ClockController9OSCULP32K8isStableEv
                0x00000000        0xc libraries/clock-controller/ClockController.o
 .text._ZN25ATtiny814_ClockController7XOSC32K12runInStandbyEb
                0x00000000       0x24 libraries/clock-controller/ClockController.o
 .text._ZN25ATtiny814_ClockController7XOSC32K6enableEv
                0x00000000       0x10 libraries/clock-controller/ClockController.o
 .text._ZN25ATtiny814_ClockController7XOSC32K16setStartUpCyclesENS0_9CrystalUpE
                0x00000000       0x14 libraries/clock-controller/ClockController.o
 .text._ZN25ATtiny814_ClockController7XOSC32K13setSourceTypeENS0_10SourceTypeE
                0x00000000       0x14 libraries/clock-controller/ClockController.o
 .text._ZN25ATtiny814_ClockController7XOSC32K9isEnabledEv
                0x00000000        0x8 libraries/clock-controller/ClockController.o
 .text._ZN25ATtiny814_ClockController7XOSC32K8isStableEv
                0x00000000        0xc libraries/clock-controller/ClockController.o
 .text._ZN25ATtiny814_ClockController7XOSC32K16getStartUpCyclesEv
                0x00000000        0xa libraries/clock-controller/ClockController.o
 .text._ZN25ATtiny814_ClockController7XOSC32K13getSourceTypeEv
                0x00000000        0xe libraries/clock-controller/ClockController.o
 .text._ZN25ATtiny814_ClockController6EXTCLK8isStableEv
                0x00000000        0xc libraries/clock-controller/ClockController.o
 .text          0x00000000        0x0 libraries/onboard-heater/ATtiny814_OnBoardHeater.o
 .data          0x00000000        0x0 libraries/onboard-heater/ATtiny814_OnBoardHeater.o
 .bss           0x00000000        0x0 libraries/onboard-heater/ATtiny814_OnBoardHeater.o
 .text          0x00000000        0x0 libraries/onboard-temperature-sensor/ATtiny814_OnBoardTemperatureSensor.o
 .data          0x00000000        0x0 libraries/onboard-temperature-sensor/ATtiny814_OnBoardTemperatureSensor.o
 .bss           0x00000000        0x0 libraries/onboard-temperature-sensor/ATtiny814_OnBoardTemperatureSensor.o
 .text          0x00000000        0x0 libraries/tca/ATtiny814_TCA.o
 .data          0x00000000        0x0 libraries/tca/ATtiny814_TCA.o
 .bss           0x00000000        0x0 libraries/tca/ATtiny814_TCA.o
 .text._ZN13ATtiny814_TCAC2Ev
                0x00000000       0x2c libraries/tca/ATtiny814_TCA.o
 .text._ZN13ATtiny814_TCA18setupSingleCompareEhjb
                0x00000000      0x102 libraries/tca/ATtiny814_TCA.o
 .text._ZN13ATtiny814_TCA17setupSplitCompareEhhb
                0x00000000      0x156 libraries/tca/ATtiny814_TCA.o
 .text._ZN13ATtiny814_TCA4stopEv
                0x00000000       0x20 libraries/tca/ATtiny814_TCA.o
 .text._ZN13ATtiny814_TCA5resetEv
                0x00000000        0x2 libraries/tca/ATtiny814_TCA.o
 .text._ZN13ATtiny814_TCA6setPWMEfhh
                0x00000000      0x112 libraries/tca/ATtiny814_TCA.o
 .text._ZN13ATtiny814_TCA17periodWithinRangeEmmm
                0x00000000       0x36 libraries/tca/ATtiny814_TCA.o
 .text._ZN13ATtiny814_TCA18setPreScalerSingleE22TCA_SINGLE_CLKSEL_enum
                0x00000000        0xc libraries/tca/ATtiny814_TCA.o
 .text._ZN13ATtiny814_TCA17setPreScalerSplitE21TCA_SPLIT_CLKSEL_enum
                0x00000000        0xc libraries/tca/ATtiny814_TCA.o
 .text._ZN13ATtiny814_TCA14getCurrentModeEv
                0x00000000        0x6 libraries/tca/ATtiny814_TCA.o
 .group         0x00000000        0x8 libraries/twi/ATtiny814_TWI.o
 .group         0x00000000        0x8 libraries/twi/ATtiny814_TWI.o
 .text          0x00000000        0x0 libraries/twi/ATtiny814_TWI.o
 .data          0x00000000        0x0 libraries/twi/ATtiny814_TWI.o
 .bss           0x00000000        0x0 libraries/twi/ATtiny814_TWI.o
 .text._ZN13ATtiny814_TWI16setDeviceAddressEh
                0x00000000        0x8 libraries/twi/ATtiny814_TWI.o
 .text._ZN13ATtiny814_TWI19clearOutgoingBufferEv
                0x00000000        0x8 libraries/twi/ATtiny814_TWI.o
 .text._ZN13ATtiny814_TWI11receiveByteEv
                0x00000000        0x6 libraries/twi/ATtiny814_TWI.o
 .text._ZN13ATtiny814_TWI27availableSizeOutgoingBufferEv
                0x00000000       0x26 libraries/twi/ATtiny814_TWI.o
 .text._ZN13ATtiny814_TWI8sendWordEj
                0x00000000       0x4e libraries/twi/ATtiny814_TWI.o
 .text._ZN13ATtiny814_TWI8readWordEv
                0x00000000       0x26 libraries/twi/ATtiny814_TWI.o
 .text          0x00000000        0x0 main.o
 .data          0x00000000        0x0 main.o
 .bss           0x00000000        0x0 main.o
 .text          0x00000000        0x0 c:/program files (x86)/atmel/studio/7.0/toolchain/avr8/avr8-gnu-toolchain/bin/../lib/gcc/avr/5.4.0/../../../../avr/lib/avrxmega3/short-calls\libm.a(addsf3.o)
 .data          0x00000000        0x0 c:/program files (x86)/atmel/studio/7.0/toolchain/avr8/avr8-gnu-toolchain/bin/../lib/gcc/avr/5.4.0/../../../../avr/lib/avrxmega3/short-calls\libm.a(addsf3.o)
 .bss           0x00000000        0x0 c:/program files (x86)/atmel/studio/7.0/toolchain/avr8/avr8-gnu-toolchain/bin/../lib/gcc/avr/5.4.0/../../../../avr/lib/avrxmega3/short-calls\libm.a(addsf3.o)
 .text          0x00000000        0x0 c:/program files (x86)/atmel/studio/7.0/toolchain/avr8/avr8-gnu-toolchain/bin/../lib/gcc/avr/5.4.0/../../../../avr/lib/avrxmega3/short-calls\libm.a(addsf3x.o)
 .data          0x00000000        0x0 c:/program files (x86)/atmel/studio/7.0/toolchain/avr8/avr8-gnu-toolchain/bin/../lib/gcc/avr/5.4.0/../../../../avr/lib/avrxmega3/short-calls\libm.a(addsf3x.o)
 .bss           0x00000000        0x0 c:/program files (x86)/atmel/studio/7.0/toolchain/avr8/avr8-gnu-toolchain/bin/../lib/gcc/avr/5.4.0/../../../../avr/lib/avrxmega3/short-calls\libm.a(addsf3x.o)
 .text          0x00000000        0x0 c:/program files (x86)/atmel/studio/7.0/toolchain/avr8/avr8-gnu-toolchain/bin/../lib/gcc/avr/5.4.0/../../../../avr/lib/avrxmega3/short-calls\libm.a(cmpsf2.o)
 .data          0x00000000        0x0 c:/program files (x86)/atmel/studio/7.0/toolchain/avr8/avr8-gnu-toolchain/bin/../lib/gcc/avr/5.4.0/../../../../avr/lib/avrxmega3/short-calls\libm.a(cmpsf2.o)
 .bss           0x00000000        0x0 c:/program files (x86)/atmel/studio/7.0/toolchain/avr8/avr8-gnu-toolchain/bin/../lib/gcc/avr/5.4.0/../../../../avr/lib/avrxmega3/short-calls\libm.a(cmpsf2.o)
 .text          0x00000000        0x0 c:/program files (x86)/atmel/studio/7.0/toolchain/avr8/avr8-gnu-toolchain/bin/../lib/gcc/avr/5.4.0/../../../../avr/lib/avrxmega3/short-calls\libm.a(divsf3.o)
 .data          0x00000000        0x0 c:/program files (x86)/atmel/studio/7.0/toolchain/avr8/avr8-gnu-toolchain/bin/../lib/gcc/avr/5.4.0/../../../../avr/lib/avrxmega3/short-calls\libm.a(divsf3.o)
 .bss           0x00000000        0x0 c:/program files (x86)/atmel/studio/7.0/toolchain/avr8/avr8-gnu-toolchain/bin/../lib/gcc/avr/5.4.0/../../../../avr/lib/avrxmega3/short-calls\libm.a(divsf3.o)
 .text          0x00000000        0x0 c:/program files (x86)/atmel/studio/7.0/toolchain/avr8/avr8-gnu-toolchain/bin/../lib/gcc/avr/5.4.0/../../../../avr/lib/avrxmega3/short-calls\libm.a(divsf3x.o)
 .data          0x00000000        0x0 c:/program files (x86)/atmel/studio/7.0/toolchain/avr8/avr8-gnu-toolchain/bin/../lib/gcc/avr/5.4.0/../../../../avr/lib/avrxmega3/short-calls\libm.a(divsf3x.o)
 .bss           0x00000000        0x0 c:/program files (x86)/atmel/studio/7.0/toolchain/avr8/avr8-gnu-toolchain/bin/../lib/gcc/avr/5.4.0/../../../../avr/lib/avrxmega3/short-calls\libm.a(divsf3x.o)
 .text          0x00000000        0x0 c:/program files (x86)/atmel/studio/7.0/toolchain/avr8/avr8-gnu-toolchain/bin/../lib/gcc/avr/5.4.0/../../../../avr/lib/avrxmega3/short-calls\libm.a(fixsfsi.o)
 .data          0x00000000        0x0 c:/program files (x86)/atmel/studio/7.0/toolchain/avr8/avr8-gnu-toolchain/bin/../lib/gcc/avr/5.4.0/../../../../avr/lib/avrxmega3/short-calls\libm.a(fixsfsi.o)
 .bss           0x00000000        0x0 c:/program files (x86)/atmel/studio/7.0/toolchain/avr8/avr8-gnu-toolchain/bin/../lib/gcc/avr/5.4.0/../../../../avr/lib/avrxmega3/short-calls\libm.a(fixsfsi.o)
 .text          0x00000000        0x0 c:/program files (x86)/atmel/studio/7.0/toolchain/avr8/avr8-gnu-toolchain/bin/../lib/gcc/avr/5.4.0/../../../../avr/lib/avrxmega3/short-calls\libm.a(fixunssfsi.o)
 .data          0x00000000        0x0 c:/program files (x86)/atmel/studio/7.0/toolchain/avr8/avr8-gnu-toolchain/bin/../lib/gcc/avr/5.4.0/../../../../avr/lib/avrxmega3/short-calls\libm.a(fixunssfsi.o)
 .bss           0x00000000        0x0 c:/program files (x86)/atmel/studio/7.0/toolchain/avr8/avr8-gnu-toolchain/bin/../lib/gcc/avr/5.4.0/../../../../avr/lib/avrxmega3/short-calls\libm.a(fixunssfsi.o)
 .text          0x00000000        0x0 c:/program files (x86)/atmel/studio/7.0/toolchain/avr8/avr8-gnu-toolchain/bin/../lib/gcc/avr/5.4.0/../../../../avr/lib/avrxmega3/short-calls\libm.a(floatsisf.o)
 .data          0x00000000        0x0 c:/program files (x86)/atmel/studio/7.0/toolchain/avr8/avr8-gnu-toolchain/bin/../lib/gcc/avr/5.4.0/../../../../avr/lib/avrxmega3/short-calls\libm.a(floatsisf.o)
 .bss           0x00000000        0x0 c:/program files (x86)/atmel/studio/7.0/toolchain/avr8/avr8-gnu-toolchain/bin/../lib/gcc/avr/5.4.0/../../../../avr/lib/avrxmega3/short-calls\libm.a(floatsisf.o)
 .text          0x00000000        0x0 c:/program files (x86)/atmel/studio/7.0/toolchain/avr8/avr8-gnu-toolchain/bin/../lib/gcc/avr/5.4.0/../../../../avr/lib/avrxmega3/short-calls\libm.a(fp_cmp.o)
 .data          0x00000000        0x0 c:/program files (x86)/atmel/studio/7.0/toolchain/avr8/avr8-gnu-toolchain/bin/../lib/gcc/avr/5.4.0/../../../../avr/lib/avrxmega3/short-calls\libm.a(fp_cmp.o)
 .bss           0x00000000        0x0 c:/program files (x86)/atmel/studio/7.0/toolchain/avr8/avr8-gnu-toolchain/bin/../lib/gcc/avr/5.4.0/../../../../avr/lib/avrxmega3/short-calls\libm.a(fp_cmp.o)
 .text          0x00000000        0x0 c:/program files (x86)/atmel/studio/7.0/toolchain/avr8/avr8-gnu-toolchain/bin/../lib/gcc/avr/5.4.0/../../../../avr/lib/avrxmega3/short-calls\libm.a(fp_inf.o)
 .data          0x00000000        0x0 c:/program files (x86)/atmel/studio/7.0/toolchain/avr8/avr8-gnu-toolchain/bin/../lib/gcc/avr/5.4.0/../../../../avr/lib/avrxmega3/short-calls\libm.a(fp_inf.o)
 .bss           0x00000000        0x0 c:/program files (x86)/atmel/studio/7.0/toolchain/avr8/avr8-gnu-toolchain/bin/../lib/gcc/avr/5.4.0/../../../../avr/lib/avrxmega3/short-calls\libm.a(fp_inf.o)
 .text          0x00000000        0x0 c:/program files (x86)/atmel/studio/7.0/toolchain/avr8/avr8-gnu-toolchain/bin/../lib/gcc/avr/5.4.0/../../../../avr/lib/avrxmega3/short-calls\libm.a(fp_nan.o)
 .data          0x00000000        0x0 c:/program files (x86)/atmel/studio/7.0/toolchain/avr8/avr8-gnu-toolchain/bin/../lib/gcc/avr/5.4.0/../../../../avr/lib/avrxmega3/short-calls\libm.a(fp_nan.o)
 .bss           0x00000000        0x0 c:/program files (x86)/atmel/studio/7.0/toolchain/avr8/avr8-gnu-toolchain/bin/../lib/gcc/avr/5.4.0/../../../../avr/lib/avrxmega3/short-calls\libm.a(fp_nan.o)
 .text          0x00000000        0x0 c:/program files (x86)/atmel/studio/7.0/toolchain/avr8/avr8-gnu-toolchain/bin/../lib/gcc/avr/5.4.0/../../../../avr/lib/avrxmega3/short-calls\libm.a(fp_pscA.o)
 .data          0x00000000        0x0 c:/program files (x86)/atmel/studio/7.0/toolchain/avr8/avr8-gnu-toolchain/bin/../lib/gcc/avr/5.4.0/../../../../avr/lib/avrxmega3/short-calls\libm.a(fp_pscA.o)
 .bss           0x00000000        0x0 c:/program files (x86)/atmel/studio/7.0/toolchain/avr8/avr8-gnu-toolchain/bin/../lib/gcc/avr/5.4.0/../../../../avr/lib/avrxmega3/short-calls\libm.a(fp_pscA.o)
 .text          0x00000000        0x0 c:/program files (x86)/atmel/studio/7.0/toolchain/avr8/avr8-gnu-toolchain/bin/../lib/gcc/avr/5.4.0/../../../../avr/lib/avrxmega3/short-calls\libm.a(fp_pscB.o)
 .data          0x00000000        0x0 c:/program files (x86)/atmel/studio/7.0/toolchain/avr8/avr8-gnu-toolchain/bin/../lib/gcc/avr/5.4.0/../../../../avr/lib/avrxmega3/short-calls\libm.a(fp_pscB.o)
 .bss           0x00000000        0x0 c:/program files (x86)/atmel/studio/7.0/toolchain/avr8/avr8-gnu-toolchain/bin/../lib/gcc/avr/5.4.0/../../../../avr/lib/avrxmega3/short-calls\libm.a(fp_pscB.o)
 .text          0x00000000        0x0 c:/program files (x86)/atmel/studio/7.0/toolchain/avr8/avr8-gnu-toolchain/bin/../lib/gcc/avr/5.4.0/../../../../avr/lib/avrxmega3/short-calls\libm.a(fp_round.o)
 .data          0x00000000        0x0 c:/program files (x86)/atmel/studio/7.0/toolchain/avr8/avr8-gnu-toolchain/bin/../lib/gcc/avr/5.4.0/../../../../avr/lib/avrxmega3/short-calls\libm.a(fp_round.o)
 .bss           0x00000000        0x0 c:/program files (x86)/atmel/studio/7.0/toolchain/avr8/avr8-gnu-toolchain/bin/../lib/gcc/avr/5.4.0/../../../../avr/lib/avrxmega3/short-calls\libm.a(fp_round.o)
 .text          0x00000000        0x0 c:/program files (x86)/atmel/studio/7.0/toolchain/avr8/avr8-gnu-toolchain/bin/../lib/gcc/avr/5.4.0/../../../../avr/lib/avrxmega3/short-calls\libm.a(fp_split3.o)
 .data          0x00000000        0x0 c:/program files (x86)/atmel/studio/7.0/toolchain/avr8/avr8-gnu-toolchain/bin/../lib/gcc/avr/5.4.0/../../../../avr/lib/avrxmega3/short-calls\libm.a(fp_split3.o)
 .bss           0x00000000        0x0 c:/program files (x86)/atmel/studio/7.0/toolchain/avr8/avr8-gnu-toolchain/bin/../lib/gcc/avr/5.4.0/../../../../avr/lib/avrxmega3/short-calls\libm.a(fp_split3.o)
 .text          0x00000000        0x0 c:/program files (x86)/atmel/studio/7.0/toolchain/avr8/avr8-gnu-toolchain/bin/../lib/gcc/avr/5.4.0/../../../../avr/lib/avrxmega3/short-calls\libm.a(fp_zero.o)
 .data          0x00000000        0x0 c:/program files (x86)/atmel/studio/7.0/toolchain/avr8/avr8-gnu-toolchain/bin/../lib/gcc/avr/5.4.0/../../../../avr/lib/avrxmega3/short-calls\libm.a(fp_zero.o)
 .bss           0x00000000        0x0 c:/program files (x86)/atmel/studio/7.0/toolchain/avr8/avr8-gnu-toolchain/bin/../lib/gcc/avr/5.4.0/../../../../avr/lib/avrxmega3/short-calls\libm.a(fp_zero.o)
 .text          0x00000000        0x0 c:/program files (x86)/atmel/studio/7.0/toolchain/avr8/avr8-gnu-toolchain/bin/../lib/gcc/avr/5.4.0/../../../../avr/lib/avrxmega3/short-calls\libm.a(gesf2.o)
 .data          0x00000000        0x0 c:/program files (x86)/atmel/studio/7.0/toolchain/avr8/avr8-gnu-toolchain/bin/../lib/gcc/avr/5.4.0/../../../../avr/lib/avrxmega3/short-calls\libm.a(gesf2.o)
 .bss           0x00000000        0x0 c:/program files (x86)/atmel/studio/7.0/toolchain/avr8/avr8-gnu-toolchain/bin/../lib/gcc/avr/5.4.0/../../../../avr/lib/avrxmega3/short-calls\libm.a(gesf2.o)
 .text          0x00000000        0x0 c:/program files (x86)/atmel/studio/7.0/toolchain/avr8/avr8-gnu-toolchain/bin/../lib/gcc/avr/5.4.0/../../../../avr/lib/avrxmega3/short-calls\libm.a(mulsf3.o)
 .data          0x00000000        0x0 c:/program files (x86)/atmel/studio/7.0/toolchain/avr8/avr8-gnu-toolchain/bin/../lib/gcc/avr/5.4.0/../../../../avr/lib/avrxmega3/short-calls\libm.a(mulsf3.o)
 .bss           0x00000000        0x0 c:/program files (x86)/atmel/studio/7.0/toolchain/avr8/avr8-gnu-toolchain/bin/../lib/gcc/avr/5.4.0/../../../../avr/lib/avrxmega3/short-calls\libm.a(mulsf3.o)
 .text          0x00000000        0x0 c:/program files (x86)/atmel/studio/7.0/toolchain/avr8/avr8-gnu-toolchain/bin/../lib/gcc/avr/5.4.0/../../../../avr/lib/avrxmega3/short-calls\libm.a(mulsf3x.o)
 .data          0x00000000        0x0 c:/program files (x86)/atmel/studio/7.0/toolchain/avr8/avr8-gnu-toolchain/bin/../lib/gcc/avr/5.4.0/../../../../avr/lib/avrxmega3/short-calls\libm.a(mulsf3x.o)
 .bss           0x00000000        0x0 c:/program files (x86)/atmel/studio/7.0/toolchain/avr8/avr8-gnu-toolchain/bin/../lib/gcc/avr/5.4.0/../../../../avr/lib/avrxmega3/short-calls\libm.a(mulsf3x.o)
 .text          0x00000000        0x0 c:/program files (x86)/atmel/studio/7.0/toolchain/avr8/avr8-gnu-toolchain/bin/../lib/gcc/avr/5.4.0/avrxmega3/short-calls\libgcc.a(_udivmodsi4.o)
 .data          0x00000000        0x0 c:/program files (x86)/atmel/studio/7.0/toolchain/avr8/avr8-gnu-toolchain/bin/../lib/gcc/avr/5.4.0/avrxmega3/short-calls\libgcc.a(_udivmodsi4.o)
 .bss           0x00000000        0x0 c:/program files (x86)/atmel/studio/7.0/toolchain/avr8/avr8-gnu-toolchain/bin/../lib/gcc/avr/5.4.0/avrxmega3/short-calls\libgcc.a(_udivmodsi4.o)
 .text.libgcc.mul
                0x00000000        0x0 c:/program files (x86)/atmel/studio/7.0/toolchain/avr8/avr8-gnu-toolchain/bin/../lib/gcc/avr/5.4.0/avrxmega3/short-calls\libgcc.a(_udivmodsi4.o)
 .text.libgcc   0x00000000        0x0 c:/program files (x86)/atmel/studio/7.0/toolchain/avr8/avr8-gnu-toolchain/bin/../lib/gcc/avr/5.4.0/avrxmega3/short-calls\libgcc.a(_udivmodsi4.o)
 .text.libgcc.prologue
                0x00000000        0x0 c:/program files (x86)/atmel/studio/7.0/toolchain/avr8/avr8-gnu-toolchain/bin/../lib/gcc/avr/5.4.0/avrxmega3/short-calls\libgcc.a(_udivmodsi4.o)
 .text.libgcc.builtins
                0x00000000        0x0 c:/program files (x86)/atmel/studio/7.0/toolchain/avr8/avr8-gnu-toolchain/bin/../lib/gcc/avr/5.4.0/avrxmega3/short-calls\libgcc.a(_udivmodsi4.o)
 .text.libgcc.fmul
                0x00000000        0x0 c:/program files (x86)/atmel/studio/7.0/toolchain/avr8/avr8-gnu-toolchain/bin/../lib/gcc/avr/5.4.0/avrxmega3/short-calls\libgcc.a(_udivmodsi4.o)
 .text.libgcc.fixed
                0x00000000        0x0 c:/program files (x86)/atmel/studio/7.0/toolchain/avr8/avr8-gnu-toolchain/bin/../lib/gcc/avr/5.4.0/avrxmega3/short-calls\libgcc.a(_udivmodsi4.o)
 .text          0x00000000        0x0 c:/program files (x86)/atmel/studio/7.0/toolchain/avr8/avr8-gnu-toolchain/bin/../lib/gcc/avr/5.4.0/avrxmega3/short-calls\libgcc.a(_exit.o)
 .data          0x00000000        0x0 c:/program files (x86)/atmel/studio/7.0/toolchain/avr8/avr8-gnu-toolchain/bin/../lib/gcc/avr/5.4.0/avrxmega3/short-calls\libgcc.a(_exit.o)
 .bss           0x00000000        0x0 c:/program files (x86)/atmel/studio/7.0/toolchain/avr8/avr8-gnu-toolchain/bin/../lib/gcc/avr/5.4.0/avrxmega3/short-calls\libgcc.a(_exit.o)
 .text.libgcc.mul
                0x00000000        0x0 c:/program files (x86)/atmel/studio/7.0/toolchain/avr8/avr8-gnu-toolchain/bin/../lib/gcc/avr/5.4.0/avrxmega3/short-calls\libgcc.a(_exit.o)
 .text.libgcc.div
                0x00000000        0x0 c:/program files (x86)/atmel/studio/7.0/toolchain/avr8/avr8-gnu-toolchain/bin/../lib/gcc/avr/5.4.0/avrxmega3/short-calls\libgcc.a(_exit.o)
 .text.libgcc   0x00000000        0x0 c:/program files (x86)/atmel/studio/7.0/toolchain/avr8/avr8-gnu-toolchain/bin/../lib/gcc/avr/5.4.0/avrxmega3/short-calls\libgcc.a(_exit.o)
 .text.libgcc.prologue
                0x00000000        0x0 c:/program files (x86)/atmel/studio/7.0/toolchain/avr8/avr8-gnu-toolchain/bin/../lib/gcc/avr/5.4.0/avrxmega3/short-calls\libgcc.a(_exit.o)
 .text.libgcc.builtins
                0x00000000        0x0 c:/program files (x86)/atmel/studio/7.0/toolchain/avr8/avr8-gnu-toolchain/bin/../lib/gcc/avr/5.4.0/avrxmega3/short-calls\libgcc.a(_exit.o)
 .text.libgcc.fmul
                0x00000000        0x0 c:/program files (x86)/atmel/studio/7.0/toolchain/avr8/avr8-gnu-toolchain/bin/../lib/gcc/avr/5.4.0/avrxmega3/short-calls\libgcc.a(_exit.o)
 .text.libgcc.fixed
                0x00000000        0x0 c:/program files (x86)/atmel/studio/7.0/toolchain/avr8/avr8-gnu-toolchain/bin/../lib/gcc/avr/5.4.0/avrxmega3/short-calls\libgcc.a(_exit.o)
 .text          0x00000000        0x0 c:/program files (x86)/atmel/studio/7.0/toolchain/avr8/avr8-gnu-toolchain/bin/../lib/gcc/avr/5.4.0/avrxmega3/short-calls\libgcc.a(_clear_bss.o)
 .data          0x00000000        0x0 c:/program files (x86)/atmel/studio/7.0/toolchain/avr8/avr8-gnu-toolchain/bin/../lib/gcc/avr/5.4.0/avrxmega3/short-calls\libgcc.a(_clear_bss.o)
 .bss           0x00000000        0x0 c:/program files (x86)/atmel/studio/7.0/toolchain/avr8/avr8-gnu-toolchain/bin/../lib/gcc/avr/5.4.0/avrxmega3/short-calls\libgcc.a(_clear_bss.o)
 .text.libgcc.mul
                0x00000000        0x0 c:/program files (x86)/atmel/studio/7.0/toolchain/avr8/avr8-gnu-toolchain/bin/../lib/gcc/avr/5.4.0/avrxmega3/short-calls\libgcc.a(_clear_bss.o)
 .text.libgcc.div
                0x00000000        0x0 c:/program files (x86)/atmel/studio/7.0/toolchain/avr8/avr8-gnu-toolchain/bin/../lib/gcc/avr/5.4.0/avrxmega3/short-calls\libgcc.a(_clear_bss.o)
 .text.libgcc   0x00000000        0x0 c:/program files (x86)/atmel/studio/7.0/toolchain/avr8/avr8-gnu-toolchain/bin/../lib/gcc/avr/5.4.0/avrxmega3/short-calls\libgcc.a(_clear_bss.o)
 .text.libgcc.prologue
                0x00000000        0x0 c:/program files (x86)/atmel/studio/7.0/toolchain/avr8/avr8-gnu-toolchain/bin/../lib/gcc/avr/5.4.0/avrxmega3/short-calls\libgcc.a(_clear_bss.o)
 .text.libgcc.builtins
                0x00000000        0x0 c:/program files (x86)/atmel/studio/7.0/toolchain/avr8/avr8-gnu-toolchain/bin/../lib/gcc/avr/5.4.0/avrxmega3/short-calls\libgcc.a(_clear_bss.o)
 .text.libgcc.fmul
                0x00000000        0x0 c:/program files (x86)/atmel/studio/7.0/toolchain/avr8/avr8-gnu-toolchain/bin/../lib/gcc/avr/5.4.0/avrxmega3/short-calls\libgcc.a(_clear_bss.o)
 .text.libgcc.fixed
                0x00000000        0x0 c:/program files (x86)/atmel/studio/7.0/toolchain/avr8/avr8-gnu-toolchain/bin/../lib/gcc/avr/5.4.0/avrxmega3/short-calls\libgcc.a(_clear_bss.o)
 .text          0x00000000        0x0 c:/program files (x86)/atmel/studio/7.0/toolchain/avr8/avr8-gnu-toolchain/bin/../lib/gcc/avr/5.4.0/avrxmega3/short-calls\libgcc.a(_ctors.o)
 .data          0x00000000        0x0 c:/program files (x86)/atmel/studio/7.0/toolchain/avr8/avr8-gnu-toolchain/bin/../lib/gcc/avr/5.4.0/avrxmega3/short-calls\libgcc.a(_ctors.o)
 .bss           0x00000000        0x0 c:/program files (x86)/atmel/studio/7.0/toolchain/avr8/avr8-gnu-toolchain/bin/../lib/gcc/avr/5.4.0/avrxmega3/short-calls\libgcc.a(_ctors.o)
 .text.libgcc.mul
                0x00000000        0x0 c:/program files (x86)/atmel/studio/7.0/toolchain/avr8/avr8-gnu-toolchain/bin/../lib/gcc/avr/5.4.0/avrxmega3/short-calls\libgcc.a(_ctors.o)
 .text.libgcc.div
                0x00000000        0x0 c:/program files (x86)/atmel/studio/7.0/toolchain/avr8/avr8-gnu-toolchain/bin/../lib/gcc/avr/5.4.0/avrxmega3/short-calls\libgcc.a(_ctors.o)
 .text.libgcc   0x00000000        0x0 c:/program files (x86)/atmel/studio/7.0/toolchain/avr8/avr8-gnu-toolchain/bin/../lib/gcc/avr/5.4.0/avrxmega3/short-calls\libgcc.a(_ctors.o)
 .text.libgcc.prologue
                0x00000000        0x0 c:/program files (x86)/atmel/studio/7.0/toolchain/avr8/avr8-gnu-toolchain/bin/../lib/gcc/avr/5.4.0/avrxmega3/short-calls\libgcc.a(_ctors.o)
 .text.libgcc.builtins
                0x00000000        0x0 c:/program files (x86)/atmel/studio/7.0/toolchain/avr8/avr8-gnu-toolchain/bin/../lib/gcc/avr/5.4.0/avrxmega3/short-calls\libgcc.a(_ctors.o)
 .text.libgcc.fmul
                0x00000000        0x0 c:/program files (x86)/atmel/studio/7.0/toolchain/avr8/avr8-gnu-toolchain/bin/../lib/gcc/avr/5.4.0/avrxmega3/short-calls\libgcc.a(_ctors.o)
 .text.libgcc.fixed
                0x00000000        0x0 c:/program files (x86)/atmel/studio/7.0/toolchain/avr8/avr8-gnu-toolchain/bin/../lib/gcc/avr/5.4.0/avrxmega3/short-calls\libgcc.a(_ctors.o)
 .text          0x00000000        0x0 c:/program files (x86)/atmel/studio/7.0/toolchain/avr8/avr8-gnu-toolchain/bin/../lib/gcc/avr/5.4.0/avrxmega3/short-calls\libgcc.a(_dtors.o)
 .data          0x00000000        0x0 c:/program files (x86)/atmel/studio/7.0/toolchain/avr8/avr8-gnu-toolchain/bin/../lib/gcc/avr/5.4.0/avrxmega3/short-calls\libgcc.a(_dtors.o)
 .bss           0x00000000        0x0 c:/program files (x86)/atmel/studio/7.0/toolchain/avr8/avr8-gnu-toolchain/bin/../lib/gcc/avr/5.4.0/avrxmega3/short-calls\libgcc.a(_dtors.o)
 .text.libgcc.mul
                0x00000000        0x0 c:/program files (x86)/atmel/studio/7.0/toolchain/avr8/avr8-gnu-toolchain/bin/../lib/gcc/avr/5.4.0/avrxmega3/short-calls\libgcc.a(_dtors.o)
 .text.libgcc.div
                0x00000000        0x0 c:/program files (x86)/atmel/studio/7.0/toolchain/avr8/avr8-gnu-toolchain/bin/../lib/gcc/avr/5.4.0/avrxmega3/short-calls\libgcc.a(_dtors.o)
 .text.libgcc   0x00000000        0x0 c:/program files (x86)/atmel/studio/7.0/toolchain/avr8/avr8-gnu-toolchain/bin/../lib/gcc/avr/5.4.0/avrxmega3/short-calls\libgcc.a(_dtors.o)
 .text.libgcc.prologue
                0x00000000        0x0 c:/program files (x86)/atmel/studio/7.0/toolchain/avr8/avr8-gnu-toolchain/bin/../lib/gcc/avr/5.4.0/avrxmega3/short-calls\libgcc.a(_dtors.o)
 .text.libgcc.builtins
                0x00000000        0x0 c:/program files (x86)/atmel/studio/7.0/toolchain/avr8/avr8-gnu-toolchain/bin/../lib/gcc/avr/5.4.0/avrxmega3/short-calls\libgcc.a(_dtors.o)
 .text.libgcc.fmul
                0x00000000        0x0 c:/program files (x86)/atmel/studio/7.0/toolchain/avr8/avr8-gnu-toolchain/bin/../lib/gcc/avr/5.4.0/avrxmega3/short-calls\libgcc.a(_dtors.o)
 .text.libgcc.fixed
                0x00000000        0x0 c:/program files (x86)/atmel/studio/7.0/toolchain/avr8/avr8-gnu-toolchain/bin/../lib/gcc/avr/5.4.0/avrxmega3/short-calls\libgcc.a(_dtors.o)
 .text          0x00000000        0x0 c:/program files (x86)/atmel/studio/7.0/toolchain/avr8/avr8-gnu-toolchain/bin/../lib/gcc/avr/5.4.0/avrxmega3/short-calls\libgcc.a(_muluhisi3.o)
 .data          0x00000000        0x0 c:/program files (x86)/atmel/studio/7.0/toolchain/avr8/avr8-gnu-toolchain/bin/../lib/gcc/avr/5.4.0/avrxmega3/short-calls\libgcc.a(_muluhisi3.o)
 .bss           0x00000000        0x0 c:/program files (x86)/atmel/studio/7.0/toolchain/avr8/avr8-gnu-toolchain/bin/../lib/gcc/avr/5.4.0/avrxmega3/short-calls\libgcc.a(_muluhisi3.o)
 .text.libgcc.div
                0x00000000        0x0 c:/program files (x86)/atmel/studio/7.0/toolchain/avr8/avr8-gnu-toolchain/bin/../lib/gcc/avr/5.4.0/avrxmega3/short-calls\libgcc.a(_muluhisi3.o)
 .text.libgcc   0x00000000        0x0 c:/program files (x86)/atmel/studio/7.0/toolchain/avr8/avr8-gnu-toolchain/bin/../lib/gcc/avr/5.4.0/avrxmega3/short-calls\libgcc.a(_muluhisi3.o)
 .text.libgcc.prologue
                0x00000000        0x0 c:/program files (x86)/atmel/studio/7.0/toolchain/avr8/avr8-gnu-toolchain/bin/../lib/gcc/avr/5.4.0/avrxmega3/short-calls\libgcc.a(_muluhisi3.o)
 .text.libgcc.builtins
                0x00000000        0x0 c:/program files (x86)/atmel/studio/7.0/toolchain/avr8/avr8-gnu-toolchain/bin/../lib/gcc/avr/5.4.0/avrxmega3/short-calls\libgcc.a(_muluhisi3.o)
 .text.libgcc.fmul
                0x00000000        0x0 c:/program files (x86)/atmel/studio/7.0/toolchain/avr8/avr8-gnu-toolchain/bin/../lib/gcc/avr/5.4.0/avrxmega3/short-calls\libgcc.a(_muluhisi3.o)
 .text.libgcc.fixed
                0x00000000        0x0 c:/program files (x86)/atmel/studio/7.0/toolchain/avr8/avr8-gnu-toolchain/bin/../lib/gcc/avr/5.4.0/avrxmega3/short-calls\libgcc.a(_muluhisi3.o)
 .text          0x00000000        0x0 c:/program files (x86)/atmel/studio/7.0/toolchain/avr8/avr8-gnu-toolchain/bin/../lib/gcc/avr/5.4.0/avrxmega3/short-calls\libgcc.a(_tablejump2.o)
 .data          0x00000000        0x0 c:/program files (x86)/atmel/studio/7.0/toolchain/avr8/avr8-gnu-toolchain/bin/../lib/gcc/avr/5.4.0/avrxmega3/short-calls\libgcc.a(_tablejump2.o)
 .bss           0x00000000        0x0 c:/program files (x86)/atmel/studio/7.0/toolchain/avr8/avr8-gnu-toolchain/bin/../lib/gcc/avr/5.4.0/avrxmega3/short-calls\libgcc.a(_tablejump2.o)
 .text.libgcc.mul
                0x00000000        0x0 c:/program files (x86)/atmel/studio/7.0/toolchain/avr8/avr8-gnu-toolchain/bin/../lib/gcc/avr/5.4.0/avrxmega3/short-calls\libgcc.a(_tablejump2.o)
 .text.libgcc.div
                0x00000000        0x0 c:/program files (x86)/atmel/studio/7.0/toolchain/avr8/avr8-gnu-toolchain/bin/../lib/gcc/avr/5.4.0/avrxmega3/short-calls\libgcc.a(_tablejump2.o)
 .text.libgcc.prologue
                0x00000000        0x0 c:/program files (x86)/atmel/studio/7.0/toolchain/avr8/avr8-gnu-toolchain/bin/../lib/gcc/avr/5.4.0/avrxmega3/short-calls\libgcc.a(_tablejump2.o)
 .text.libgcc.builtins
                0x00000000        0x0 c:/program files (x86)/atmel/studio/7.0/toolchain/avr8/avr8-gnu-toolchain/bin/../lib/gcc/avr/5.4.0/avrxmega3/short-calls\libgcc.a(_tablejump2.o)
 .text.libgcc.fmul
                0x00000000        0x0 c:/program files (x86)/atmel/studio/7.0/toolchain/avr8/avr8-gnu-toolchain/bin/../lib/gcc/avr/5.4.0/avrxmega3/short-calls\libgcc.a(_tablejump2.o)
 .text.libgcc.fixed
                0x00000000        0x0 c:/program files (x86)/atmel/studio/7.0/toolchain/avr8/avr8-gnu-toolchain/bin/../lib/gcc/avr/5.4.0/avrxmega3/short-calls\libgcc.a(_tablejump2.o)
 .text          0x00000000        0x0 c:/program files (x86)/atmel/studio/7.0/toolchain/avr8/avr8-gnu-toolchain/bin/../lib/gcc/avr/5.4.0/avrxmega3/short-calls\libgcc.a(_umulhisi3.o)
 .data          0x00000000        0x0 c:/program files (x86)/atmel/studio/7.0/toolchain/avr8/avr8-gnu-toolchain/bin/../lib/gcc/avr/5.4.0/avrxmega3/short-calls\libgcc.a(_umulhisi3.o)
 .bss           0x00000000        0x0 c:/program files (x86)/atmel/studio/7.0/toolchain/avr8/avr8-gnu-toolchain/bin/../lib/gcc/avr/5.4.0/avrxmega3/short-calls\libgcc.a(_umulhisi3.o)
 .text.libgcc.div
                0x00000000        0x0 c:/program files (x86)/atmel/studio/7.0/toolchain/avr8/avr8-gnu-toolchain/bin/../lib/gcc/avr/5.4.0/avrxmega3/short-calls\libgcc.a(_umulhisi3.o)
 .text.libgcc   0x00000000        0x0 c:/program files (x86)/atmel/studio/7.0/toolchain/avr8/avr8-gnu-toolchain/bin/../lib/gcc/avr/5.4.0/avrxmega3/short-calls\libgcc.a(_umulhisi3.o)
 .text.libgcc.prologue
                0x00000000        0x0 c:/program files (x86)/atmel/studio/7.0/toolchain/avr8/avr8-gnu-toolchain/bin/../lib/gcc/avr/5.4.0/avrxmega3/short-calls\libgcc.a(_umulhisi3.o)
 .text.libgcc.builtins
                0x00000000        0x0 c:/program files (x86)/atmel/studio/7.0/toolchain/avr8/avr8-gnu-toolchain/bin/../lib/gcc/avr/5.4.0/avrxmega3/short-calls\libgcc.a(_umulhisi3.o)
 .text.libgcc.fmul
                0x00000000        0x0 c:/program files (x86)/atmel/studio/7.0/toolchain/avr8/avr8-gnu-toolchain/bin/../lib/gcc/avr/5.4.0/avrxmega3/short-calls\libgcc.a(_umulhisi3.o)
 .text.libgcc.fixed
                0x00000000        0x0 c:/program files (x86)/atmel/studio/7.0/toolchain/avr8/avr8-gnu-toolchain/bin/../lib/gcc/avr/5.4.0/avrxmega3/short-calls\libgcc.a(_umulhisi3.o)
 .text          0x00000000        0x0 c:/program files (x86)/atmel/studio/7.0/toolchain/avr8/avr8-gnu-toolchain/bin/../lib/gcc/avr/5.4.0/../../../../avr/lib/avrxmega3/short-calls\libc.a(malloc.o)
 .bss           0x00000000        0x0 c:/program files (x86)/atmel/studio/7.0/toolchain/avr8/avr8-gnu-toolchain/bin/../lib/gcc/avr/5.4.0/../../../../avr/lib/avrxmega3/short-calls\libc.a(malloc.o)
 .text          0x00000000        0x0 c:/program files (x86)/atmel/studio/7.0/toolchain/avr8/avr8-gnu-toolchain/bin/../lib/gcc/avr/5.4.0/avrxmega3/short-calls\libgcc.a(_copy_data.o)
 .data          0x00000000        0x0 c:/program files (x86)/atmel/studio/7.0/toolchain/avr8/avr8-gnu-toolchain/bin/../lib/gcc/avr/5.4.0/avrxmega3/short-calls\libgcc.a(_copy_data.o)
 .bss           0x00000000        0x0 c:/program files (x86)/atmel/studio/7.0/toolchain/avr8/avr8-gnu-toolchain/bin/../lib/gcc/avr/5.4.0/avrxmega3/short-calls\libgcc.a(_copy_data.o)
 .text.libgcc.mul
                0x00000000        0x0 c:/program files (x86)/atmel/studio/7.0/toolchain/avr8/avr8-gnu-toolchain/bin/../lib/gcc/avr/5.4.0/avrxmega3/short-calls\libgcc.a(_copy_data.o)
 .text.libgcc.div
                0x00000000        0x0 c:/program files (x86)/atmel/studio/7.0/toolchain/avr8/avr8-gnu-toolchain/bin/../lib/gcc/avr/5.4.0/avrxmega3/short-calls\libgcc.a(_copy_data.o)
 .text.libgcc   0x00000000        0x0 c:/program files (x86)/atmel/studio/7.0/toolchain/avr8/avr8-gnu-toolchain/bin/../lib/gcc/avr/5.4.0/avrxmega3/short-calls\libgcc.a(_copy_data.o)
 .text.libgcc.prologue
                0x00000000        0x0 c:/program files (x86)/atmel/studio/7.0/toolchain/avr8/avr8-gnu-toolchain/bin/../lib/gcc/avr/5.4.0/avrxmega3/short-calls\libgcc.a(_copy_data.o)
 .text.libgcc.builtins
                0x00000000        0x0 c:/program files (x86)/atmel/studio/7.0/toolchain/avr8/avr8-gnu-toolchain/bin/../lib/gcc/avr/5.4.0/avrxmega3/short-calls\libgcc.a(_copy_data.o)
 .text.libgcc.fmul
                0x00000000        0x0 c:/program files (x86)/atmel/studio/7.0/toolchain/avr8/avr8-gnu-toolchain/bin/../lib/gcc/avr/5.4.0/avrxmega3/short-calls\libgcc.a(_copy_data.o)
 .text.libgcc.fixed
                0x00000000        0x0 c:/program files (x86)/atmel/studio/7.0/toolchain/avr8/avr8-gnu-toolchain/bin/../lib/gcc/avr/5.4.0/avrxmega3/short-calls\libgcc.a(_copy_data.o)

Memory Configuration

Name             Origin             Length             Attributes
text             0x00000000         0x00100000         xr
data             0x00802000         0x0000ffa0         rw !x
eeprom           0x00810000         0x00010000         rw !x
fuse             0x00820000         0x00000009         rw !x
lock             0x00830000         0x00000400         rw !x
signature        0x00840000         0x00000400         rw !x
user_signatures  0x00850000         0x00000400         rw !x
*default*        0x00000000         0xffffffff

Linker script and memory map

Address of section .data set to 0x803e00
                0x00008000                __RODATA_PM_OFFSET__ = 0x8000
LOAD C:/Program Files (x86)/Atmel/Studio/7.0/Packs/atmel/ATtiny_DFP/1.3.229/gcc/dev/attiny814/avrxmega3/short-calls/crtattiny814.o
LOAD libraries/adc/ATtiny814_ADC.o
LOAD libraries/clock-controller/ClockController.o
LOAD libraries/onboard-heater/ATtiny814_OnBoardHeater.o
LOAD libraries/onboard-temperature-sensor/ATtiny814_OnBoardTemperatureSensor.o
LOAD libraries/tca/ATtiny814_TCA.o
LOAD libraries/twi/ATtiny814_TWI.o
LOAD main.o
START GROUP
LOAD c:/program files (x86)/atmel/studio/7.0/toolchain/avr8/avr8-gnu-toolchain/bin/../lib/gcc/avr/5.4.0/../../../../avr/lib/avrxmega3/short-calls\libm.a
END GROUP
LOAD c:/program files (x86)/atmel/studio/7.0/toolchain/avr8/avr8-gnu-toolchain/bin/../lib/gcc/avr/5.4.0/avrxmega3/short-calls\libgcc.a
LOAD c:/program files (x86)/atmel/studio/7.0/toolchain/avr8/avr8-gnu-toolchain/bin/../lib/gcc/avr/5.4.0/../../../../avr/lib/avrxmega3/short-calls\libm.a
START GROUP
LOAD c:/program files (x86)/atmel/studio/7.0/toolchain/avr8/avr8-gnu-toolchain/bin/../lib/gcc/avr/5.4.0/avrxmega3/short-calls\libgcc.a
LOAD c:/program files (x86)/atmel/studio/7.0/toolchain/avr8/avr8-gnu-toolchain/bin/../lib/gcc/avr/5.4.0/../../../../avr/lib/avrxmega3/short-calls\libm.a
LOAD c:/program files (x86)/atmel/studio/7.0/toolchain/avr8/avr8-gnu-toolchain/bin/../lib/gcc/avr/5.4.0/../../../../avr/lib/avrxmega3/short-calls\libc.a
LOAD C:/Program Files (x86)/Atmel/Studio/7.0/Packs/atmel/ATtiny_DFP/1.3.229/gcc/dev/attiny814/avrxmega3/short-calls\libattiny814.a
END GROUP
                0x00000000                __TEXT_REGION_ORIGIN__ = DEFINED (__TEXT_REGION_ORIGIN__)?__TEXT_REGION_ORIGIN__:0x0
                0x00802000                __DATA_REGION_ORIGIN__ = DEFINED (__DATA_REGION_ORIGIN__)?__DATA_REGION_ORIGIN__:0x802000
                0x00100000                __TEXT_REGION_LENGTH__ = DEFINED (__TEXT_REGION_LENGTH__)?__TEXT_REGION_LENGTH__:0x100000
                0x0000ffa0                __DATA_REGION_LENGTH__ = DEFINED (__DATA_REGION_LENGTH__)?__DATA_REGION_LENGTH__:0xffa0
                0x00010000                __EEPROM_REGION_LENGTH__ = DEFINED (__EEPROM_REGION_LENGTH__)?__EEPROM_REGION_LENGTH__:0x10000
                [0x00000009]                __FUSE_REGION_LENGTH__ = DEFINED (__FUSE_REGION_LENGTH__)?__FUSE_REGION_LENGTH__:0x400
                0x00000400                __LOCK_REGION_LENGTH__ = DEFINED (__LOCK_REGION_LENGTH__)?__LOCK_REGION_LENGTH__:0x400
                0x00000400                __SIGNATURE_REGION_LENGTH__ = DEFINED (__SIGNATURE_REGION_LENGTH__)?__SIGNATURE_REGION_LENGTH__:0x400
                0x00000400                __USER_SIGNATURE_REGION_LENGTH__ = DEFINED (__USER_SIGNATURE_REGION_LENGTH__)?__USER_SIGNATURE_REGION_LENGTH__:0x400
                0x00008000                __RODATA_PM_OFFSET__ = DEFINED (__RODATA_PM_OFFSET__)?__RODATA_PM_OFFSET__:0x8000

.hash
 *(.hash)

.dynsym
 *(.dynsym)

.dynstr
 *(.dynstr)

.gnu.version
 *(.gnu.version)

.gnu.version_d
 *(.gnu.version_d)

.gnu.version_r
 *(.gnu.version_r)

.rel.init
 *(.rel.init)

.rela.init
 *(.rela.init)

.rel.text
 *(.rel.text)
 *(.rel.text.*)
 *(.rel.gnu.linkonce.t*)

.rela.text
 *(.rela.text)
 *(.rela.text.*)
 *(.rela.gnu.linkonce.t*)

.rel.fini
 *(.rel.fini)

.rela.fini
 *(.rela.fini)

.rel.rodata
 *(.rel.rodata)
 *(.rel.rodata.*)
 *(.rel.gnu.linkonce.r*)

.rela.rodata
 *(.rela.rodata)
 *(.rela.rodata.*)
 *(.rela.gnu.linkonce.r*)

.rel.data
 *(.rel.data)
 *(.rel.data.*)
 *(.rel.gnu.linkonce.d*)

.rela.data
 *(.rela.data)
 *(.rela.data.*)
 *(.rela.gnu.linkonce.d*)

.rel.ctors
 *(.rel.ctors)

.rela.ctors
 *(.rela.ctors)

.rel.dtors
 *(.rel.dtors)

.rela.dtors
 *(.rela.dtors)

.rel.got
 *(.rel.got)

.rela.got
 *(.rela.got)

.rel.bss
 *(.rel.bss)

.rela.bss
 *(.rela.bss)

.rel.plt
 *(.rel.plt)

.rela.plt
 *(.rela.plt)

.text           0x00000000     0x16d0
 *(.vectors)
 .vectors       0x00000000       0x34 C:/Program Files (x86)/Atmel/Studio/7.0/Packs/atmel/ATtiny_DFP/1.3.229/gcc/dev/attiny814/avrxmega3/short-calls/crtattiny814.o
                0x00000000                __vector_default
                0x00000000                __vectors
 *(.vectors)
 *(.progmem.gcc*)
                0x00000034                . = ALIGN (0x2)
                0x00000034                __trampolines_start = .
 *(.trampolines)
 .trampolines   0x00000034        0x0 linker stubs
 *(.trampolines*)
                0x00000034                __trampolines_end = .
 *libprintf_flt.a:*(.progmem.data)
 *libc.a:*(.progmem.data)
 *(.progmem*)
                0x00000034                . = ALIGN (0x2)
 *(.jumptables)
 *(.jumptables*)
 *(.lowtext)
 *(.lowtext*)
                0x00000034                __ctors_start = .
 *(.ctors)
 .ctors         0x00000034        0x2 libraries/twi/ATtiny814_TWI.o
 .ctors         0x00000036        0x2 main.o
                0x00000038                __ctors_end = .
                0x00000038                __dtors_start = .
 *(.dtors)
 .dtors         0x00000038        0x2 libraries/twi/ATtiny814_TWI.o
 .dtors         0x0000003a        0x2 main.o
                0x0000003c                __dtors_end = .
 SORT(*)(.ctors)
 SORT(*)(.dtors)
 *(.init0)
 .init0         0x0000003c        0x0 C:/Program Files (x86)/Atmel/Studio/7.0/Packs/atmel/ATtiny_DFP/1.3.229/gcc/dev/attiny814/avrxmega3/short-calls/crtattiny814.o
                0x0000003c                __init
 *(.init0)
 *(.init1)
 *(.init1)
 *(.init2)
 .init2         0x0000003c        0xc C:/Program Files (x86)/Atmel/Studio/7.0/Packs/atmel/ATtiny_DFP/1.3.229/gcc/dev/attiny814/avrxmega3/short-calls/crtattiny814.o
 *(.init2)
 *(.init3)
 *(.init3)
 *(.init4)
 .init4         0x00000048       0x10 c:/program files (x86)/atmel/studio/7.0/toolchain/avr8/avr8-gnu-toolchain/bin/../lib/gcc/avr/5.4.0/avrxmega3/short-calls\libgcc.a(_clear_bss.o)
                0x00000048                __do_clear_bss
 .init4         0x00000058       0x16 c:/program files (x86)/atmel/studio/7.0/toolchain/avr8/avr8-gnu-toolchain/bin/../lib/gcc/avr/5.4.0/avrxmega3/short-calls\libgcc.a(_copy_data.o)
                0x00000058                __do_copy_data
 *(.init4)
 *(.init5)
 *(.init5)
 *(.init6)
 .init6         0x0000006e       0x14 c:/program files (x86)/atmel/studio/7.0/toolchain/avr8/avr8-gnu-toolchain/bin/../lib/gcc/avr/5.4.0/avrxmega3/short-calls\libgcc.a(_ctors.o)
                0x0000006e                __do_global_ctors
 *(.init6)
 *(.init7)
 *(.init7)
 *(.init8)
 *(.init8)
 *(.init9)
 .init9         0x00000082        0x4 C:/Program Files (x86)/Atmel/Studio/7.0/Packs/atmel/ATtiny_DFP/1.3.229/gcc/dev/attiny814/avrxmega3/short-calls/crtattiny814.o
 *(.init9)
 *(.text)
 .text          0x00000086        0x2 C:/Program Files (x86)/Atmel/Studio/7.0/Packs/atmel/ATtiny_DFP/1.3.229/gcc/dev/attiny814/avrxmega3/short-calls/crtattiny814.o
                0x00000086                __vector_22
                0x00000086                __vector_1
                0x00000086                __vector_24
                0x00000086                __vector_12
                0x00000086                __bad_interrupt
                0x00000086                __vector_6
                0x00000086                __vector_3
                0x00000086                __vector_23
                0x00000086                __vector_25
                0x00000086                __vector_11
                0x00000086                __vector_13
                0x00000086                __vector_17
                0x00000086                __vector_7
                0x00000086                __vector_5
                0x00000086                __vector_4
                0x00000086                __vector_9
                0x00000086                __vector_2
                0x00000086                __vector_21
                0x00000086                __vector_15
                0x00000086                __vector_14
                0x00000086                __vector_10
                0x00000086                __vector_16
                0x00000086                __vector_18
                0x00000086                __vector_20
                0x00000088                . = ALIGN (0x2)
 *(.text.*)
 .text._ZN13ATtiny814_ADCC2Ev
                0x00000088        0x2 libraries/adc/ATtiny814_ADC.o
                0x00000088                _ZN13ATtiny814_ADCC1Ev
                0x00000088                _ZN13ATtiny814_ADCC2Ev
 .text._ZN13ATtiny814_ADCC2E7Channel7RunMode10Resolution9Prescaler16ReferenceVoltage12Accumulation
                0x0000008a       0x5e libraries/adc/ATtiny814_ADC.o
                0x0000008a                _ZN13ATtiny814_ADCC1E7Channel7RunMode10Resolution9Prescaler16ReferenceVoltage12Accumulation
                0x0000008a                _ZN13ATtiny814_ADCC2E7Channel7RunMode10Resolution9Prescaler16ReferenceVoltage12Accumulation
 .text._ZN13ATtiny814_ADC7disableEv
                0x000000e8        0xc libraries/adc/ATtiny814_ADC.o
                0x000000e8                _ZN13ATtiny814_ADC7disableEv
 .text._ZN13ATtiny814_ADC9readValueEv
                0x000000f4        0xa libraries/adc/ATtiny814_ADC.o
                0x000000f4                _ZN13ATtiny814_ADC9readValueEv
 .text._ZN13ATtiny814_ADC27disableResultReadyInterruptEv
                0x000000fe        0xc libraries/adc/ATtiny814_ADC.o
                0x000000fe                _ZN13ATtiny814_ADC27disableResultReadyInterruptEv
 .text._ZN13ATtiny814_ADC26disableComparatorInterruptEv
                0x0000010a        0xe libraries/adc/ATtiny814_ADC.o
                0x0000010a                _ZN13ATtiny814_ADC26disableComparatorInterruptEv
 .text._ZN13ATtiny814_ADCD2Ev
                0x00000118       0x16 libraries/adc/ATtiny814_ADC.o
                0x00000118                _ZN13ATtiny814_ADCD2Ev
                0x00000118                _ZN13ATtiny814_ADCD1Ev
 .text._ZN25ATtiny814_ClockController12setPrescalerENS_13MainPrescalerE
                0x0000012e       0x1a libraries/clock-controller/ClockController.o
                0x0000012e                _ZN25ATtiny814_ClockController12setPrescalerENS_13MainPrescalerE
 .text._ZN25ATtiny814_ClockController16isChangingSourceEv
                0x00000148        0x8 libraries/clock-controller/ClockController.o
                0x00000148                _ZN25ATtiny814_ClockController16isChangingSourceEv
 .text._ZN25ATtiny814_ClockController14setClockSourceENS_11ClockSourceE
                0x00000150       0x16 libraries/clock-controller/ClockController.o
                0x00000150                _ZN25ATtiny814_ClockController14setClockSourceENS_11ClockSourceE
 .text._ZN23ATtiny814_OnBoardHeaterC2Ev
                0x00000166       0x22 libraries/onboard-heater/ATtiny814_OnBoardHeater.o
                0x00000166                _ZN23ATtiny814_OnBoardHeaterC1Ev
                0x00000166                _ZN23ATtiny814_OnBoardHeaterC2Ev
 .text._ZN23ATtiny814_OnBoardHeater20setTargetTemperatureEff
                0x00000188       0xfe libraries/onboard-heater/ATtiny814_OnBoardHeater.o
                0x00000188                _ZN23ATtiny814_OnBoardHeater20setTargetTemperatureEff
 .text._ZN23ATtiny814_OnBoardHeater5setupEffbh
                0x00000286       0x84 libraries/onboard-heater/ATtiny814_OnBoardHeater.o
                0x00000286                _ZN23ATtiny814_OnBoardHeater5setupEffbh
 .text._ZN23ATtiny814_OnBoardHeater13updateHeatingEf
                0x0000030a       0xe4 libraries/onboard-heater/ATtiny814_OnBoardHeater.o
                0x0000030a                _ZN23ATtiny814_OnBoardHeater13updateHeatingEf
 .text._ZN23ATtiny814_OnBoardHeater17getLowerThresholdEv
                0x000003ee        0xc libraries/onboard-heater/ATtiny814_OnBoardHeater.o
                0x000003ee                _ZN23ATtiny814_OnBoardHeater17getLowerThresholdEv
 .text._ZN23ATtiny814_OnBoardHeater17getUpperThresholdEv
                0x000003fa        0xc libraries/onboard-heater/ATtiny814_OnBoardHeater.o
                0x000003fa                _ZN23ATtiny814_OnBoardHeater17getUpperThresholdEv
 .text._ZN34ATtiny814_OnBoardTemperatureSensorC2Ev
                0x00000406       0x10 libraries/onboard-temperature-sensor/ATtiny814_OnBoardTemperatureSensor.o
                0x00000406                _ZN34ATtiny814_OnBoardTemperatureSensorC2Ev
                0x00000406                _ZN34ATtiny814_OnBoardTemperatureSensorC1Ev
 .text._ZN34ATtiny814_OnBoardTemperatureSensor5setupE7Channelff
                0x00000416       0x60 libraries/onboard-temperature-sensor/ATtiny814_OnBoardTemperatureSensor.o
                0x00000416                _ZN34ATtiny814_OnBoardTemperatureSensor5setupE7Channelff
 .text._ZN34ATtiny814_OnBoardTemperatureSensor14getTemperatureEv
                0x00000476       0x34 libraries/onboard-temperature-sensor/ATtiny814_OnBoardTemperatureSensor.o
                0x00000476                _ZN34ATtiny814_OnBoardTemperatureSensor14getTemperatureEv
 .text._ZN13ATtiny814_TCAC2Em
                0x000004aa       0x22 libraries/tca/ATtiny814_TCA.o
                0x000004aa                _ZN13ATtiny814_TCAC1Em
                0x000004aa                _ZN13ATtiny814_TCAC2Em
 .text._ZN13ATtiny814_TCA8setupTCAE8TCA_MODE21TCA_SINGLE_MODE_SPECS
                0x000004cc       0x40 libraries/tca/ATtiny814_TCA.o
                0x000004cc                _ZN13ATtiny814_TCA8setupTCAE8TCA_MODE21TCA_SINGLE_MODE_SPECS
 .text._ZN13ATtiny814_TCA5startEv
                0x0000050c       0x20 libraries/tca/ATtiny814_TCA.o
                0x0000050c                _ZN13ATtiny814_TCA5startEv
 .text._ZN13ATtiny814_TCA18setFrequencySingleEf
                0x0000052c      0x1da libraries/tca/ATtiny814_TCA.o
                0x0000052c                _ZN13ATtiny814_TCA18setFrequencySingleEf
 .text._ZN13ATtiny814_TCA21calculateMinFrequencyEv
                0x00000706       0x54 libraries/tca/ATtiny814_TCA.o
                0x00000706                _ZN13ATtiny814_TCA21calculateMinFrequencyEv
 .text._ZN13ATtiny814_TCA21calculateMaxFrequencyEv
                0x0000075a       0x22 libraries/tca/ATtiny814_TCA.o
                0x0000075a                _ZN13ATtiny814_TCA21calculateMaxFrequencyEv
 .text._ZN13ATtiny814_TCA20frequencyWithinRangeEf
                0x0000077c       0x48 libraries/tca/ATtiny814_TCA.o
                0x0000077c                _ZN13ATtiny814_TCA20frequencyWithinRangeEf
 .text._ZN13ATtiny814_TCA17setFrequencySplitEfh
                0x000007c4      0x138 libraries/tca/ATtiny814_TCA.o
                0x000007c4                _ZN13ATtiny814_TCA17setFrequencySplitEfh
 .text._ZN13ATtiny814_TCA12setFrequencyEfh
                0x000008fc       0x50 libraries/tca/ATtiny814_TCA.o
                0x000008fc                _ZN13ATtiny814_TCA12setFrequencyEfh
 .text._ZN13ATtiny814_TWIC2Ehh
                0x0000094c       0x50 libraries/twi/ATtiny814_TWI.o
                0x0000094c                _ZN13ATtiny814_TWIC1Ehh
                0x0000094c                _ZN13ATtiny814_TWIC2Ehh
 .text._ZN13ATtiny814_TWI20setAlternativePinoutEb
                0x0000099c       0x1c libraries/twi/ATtiny814_TWI.o
                0x0000099c                _ZN13ATtiny814_TWI20setAlternativePinoutEb
 .text._ZN13ATtiny814_TWI10initialiseEhbb
                0x000009b8       0x4e libraries/twi/ATtiny814_TWI.o
                0x000009b8                _ZN13ATtiny814_TWI10initialiseEhbb
 .text._ZN13ATtiny814_TWI12isReadySDATAEv
                0x00000a06        0xe libraries/twi/ATtiny814_TWI.o
                0x00000a06                _ZN13ATtiny814_TWI12isReadySDATAEv
 .text._ZN13ATtiny814_TWI17transmissionEndedEv
                0x00000a14        0xa libraries/twi/ATtiny814_TWI.o
                0x00000a14                _ZN13ATtiny814_TWI17transmissionEndedEv
 .text._ZN6cqueueIhE4pushEh
                0x00000a1e       0x56 libraries/twi/ATtiny814_TWI.o
                0x00000a1e                _ZN6cqueueIhE4pushEh
 .text._ZN13ATtiny814_TWI8sendByteEh
                0x00000a74       0x38 libraries/twi/ATtiny814_TWI.o
                0x00000a74                _ZN13ATtiny814_TWI8sendByteEh
 .text._ZN13ATtiny814_TWI9sendBytesEPhh
                0x00000aac       0x4c libraries/twi/ATtiny814_TWI.o
                0x00000aac                _ZN13ATtiny814_TWI9sendBytesEPhh
 .text._ZN6cqueueIhE3popEv
                0x00000af8       0x32 libraries/twi/ATtiny814_TWI.o
                0x00000af8                _ZN6cqueueIhE3popEv
 .text._ZN13ATtiny814_TWI8readByteEv
                0x00000b2a        0x4 libraries/twi/ATtiny814_TWI.o
                0x00000b2a                _ZN13ATtiny814_TWI8readByteEv
 .text._ZN13ATtiny814_TWI12writeByteTWIEv
                0x00000b2e        0xa libraries/twi/ATtiny814_TWI.o
                0x00000b2e                _ZN13ATtiny814_TWI12writeByteTWIEv
 .text.__vector_19
                0x00000b38       0xaa libraries/twi/ATtiny814_TWI.o
                0x00000b38                __vector_19
 .text._ZN13ATtiny814_TWI9readBytesEPhh
                0x00000be2       0x3c libraries/twi/ATtiny814_TWI.o
                0x00000be2                _ZN13ATtiny814_TWI9readBytesEPhh
 .text._GLOBAL__sub_I_TWI_Interface
                0x00000c1e        0xc libraries/twi/ATtiny814_TWI.o
 .text._GLOBAL__sub_D_TWI_Interface
                0x00000c2a       0x1a libraries/twi/ATtiny814_TWI.o
 .text.main     0x00000c44       0x96 main.o
                0x00000c44                main
 .text._Z14readCommandTWIh
                0x00000cda      0x1e8 main.o
                0x00000cda                _Z14readCommandTWIh
 .text.__vector_8
                0x00000ec2       0x8c main.o
                0x00000ec2                __vector_8
 .text._GLOBAL__sub_I_heaterTimer
                0x00000f4e       0x22 main.o
 .text._GLOBAL__sub_D_heaterTimer
                0x00000f70        0xe main.o
 .text.avr-libc.fplib
                0x00000f7e        0xe c:/program files (x86)/atmel/studio/7.0/toolchain/avr8/avr8-gnu-toolchain/bin/../lib/gcc/avr/5.4.0/../../../../avr/lib/avrxmega3/short-calls\libm.a(addsf3.o)
                0x00000f7e                __subsf3
                0x00000f80                __addsf3
 .text.avr-libc.fplib
                0x00000f8c       0xcc c:/program files (x86)/atmel/studio/7.0/toolchain/avr8/avr8-gnu-toolchain/bin/../lib/gcc/avr/5.4.0/../../../../avr/lib/avrxmega3/short-calls\libm.a(addsf3x.o)
                0x00000fae                __addsf3x
 .text.avr-libc.fplib
                0x00001058        0xa c:/program files (x86)/atmel/studio/7.0/toolchain/avr8/avr8-gnu-toolchain/bin/../lib/gcc/avr/5.4.0/../../../../avr/lib/avrxmega3/short-calls\libm.a(cmpsf2.o)
                0x00001058                __nesf2
                0x00001058                __eqsf2
                0x00001058                __cmpsf2
                0x00001058                __ltsf2
                0x00001058                __lesf2
 .text.avr-libc.fplib
                0x00001062        0x8 c:/program files (x86)/atmel/studio/7.0/toolchain/avr8/avr8-gnu-toolchain/bin/../lib/gcc/avr/5.4.0/../../../../avr/lib/avrxmega3/short-calls\libm.a(divsf3.o)
                0x00001062                __divsf3
 .text.avr-libc.fplib
                0x0000106a       0xdc c:/program files (x86)/atmel/studio/7.0/toolchain/avr8/avr8-gnu-toolchain/bin/../lib/gcc/avr/5.4.0/../../../../avr/lib/avrxmega3/short-calls\libm.a(divsf3x.o)
                0x0000108a                __divsf3x
                0x00001090                __divsf3_pse
 .text.avr-libc.fplib
                0x00001146        0xe c:/program files (x86)/atmel/studio/7.0/toolchain/avr8/avr8-gnu-toolchain/bin/../lib/gcc/avr/5.4.0/../../../../avr/lib/avrxmega3/short-calls\libm.a(fixsfsi.o)
                0x00001146                __fixsfsi
 .text.avr-libc.fplib
                0x00001154       0x5e c:/program files (x86)/atmel/studio/7.0/toolchain/avr8/avr8-gnu-toolchain/bin/../lib/gcc/avr/5.4.0/../../../../avr/lib/avrxmega3/short-calls\libm.a(fixunssfsi.o)
                0x00001154                __fixunssfsi
 .text.avr-libc.fplib
                0x000011b2       0x7a c:/program files (x86)/atmel/studio/7.0/toolchain/avr8/avr8-gnu-toolchain/bin/../lib/gcc/avr/5.4.0/../../../../avr/lib/avrxmega3/short-calls\libm.a(floatsisf.o)
                0x000011b2                __floatunsisf
                0x000011b6                __floatsisf
 .text.avr-libc.fplib
                0x0000122c       0x48 c:/program files (x86)/atmel/studio/7.0/toolchain/avr8/avr8-gnu-toolchain/bin/../lib/gcc/avr/5.4.0/../../../../avr/lib/avrxmega3/short-calls\libm.a(fp_cmp.o)
                0x0000122c                __fp_cmp
 .text.avr-libc.fplib
                0x00001274        0xc c:/program files (x86)/atmel/studio/7.0/toolchain/avr8/avr8-gnu-toolchain/bin/../lib/gcc/avr/5.4.0/../../../../avr/lib/avrxmega3/short-calls\libm.a(fp_inf.o)
                0x00001274                __fp_inf
 .text.avr-libc.fplib
                0x00001280        0x6 c:/program files (x86)/atmel/studio/7.0/toolchain/avr8/avr8-gnu-toolchain/bin/../lib/gcc/avr/5.4.0/../../../../avr/lib/avrxmega3/short-calls\libm.a(fp_nan.o)
                0x00001280                __fp_nan
 .text.avr-libc.fplib
                0x00001286        0xe c:/program files (x86)/atmel/studio/7.0/toolchain/avr8/avr8-gnu-toolchain/bin/../lib/gcc/avr/5.4.0/../../../../avr/lib/avrxmega3/short-calls\libm.a(fp_pscA.o)
                0x00001286                __fp_pscA
 .text.avr-libc.fplib
                0x00001294        0xe c:/program files (x86)/atmel/studio/7.0/toolchain/avr8/avr8-gnu-toolchain/bin/../lib/gcc/avr/5.4.0/../../../../avr/lib/avrxmega3/short-calls\libm.a(fp_pscB.o)
                0x00001294                __fp_pscB
 .text.avr-libc.fplib
                0x000012a2       0x22 c:/program files (x86)/atmel/studio/7.0/toolchain/avr8/avr8-gnu-toolchain/bin/../lib/gcc/avr/5.4.0/../../../../avr/lib/avrxmega3/short-calls\libm.a(fp_round.o)
                0x000012a2                __fp_round
 .text.avr-libc.fplib
                0x000012c4       0x44 c:/program files (x86)/atmel/studio/7.0/toolchain/avr8/avr8-gnu-toolchain/bin/../lib/gcc/avr/5.4.0/../../../../avr/lib/avrxmega3/short-calls\libm.a(fp_split3.o)
                0x000012c4                __fp_split3
                0x000012d4                __fp_splitA
 .text.avr-libc.fplib
                0x00001308        0xe c:/program files (x86)/atmel/studio/7.0/toolchain/avr8/avr8-gnu-toolchain/bin/../lib/gcc/avr/5.4.0/../../../../avr/lib/avrxmega3/short-calls\libm.a(fp_zero.o)
                0x00001308                __fp_zero
                0x0000130a                __fp_szero
 .text.avr-libc.fplib
                0x00001316        0xa c:/program files (x86)/atmel/studio/7.0/toolchain/avr8/avr8-gnu-toolchain/bin/../lib/gcc/avr/5.4.0/../../../../avr/lib/avrxmega3/short-calls\libm.a(gesf2.o)
                0x00001316                __gesf2
                0x00001316                __gtsf2
 .text.avr-libc.fplib
                0x00001320        0x8 c:/program files (x86)/atmel/studio/7.0/toolchain/avr8/avr8-gnu-toolchain/bin/../lib/gcc/avr/5.4.0/../../../../avr/lib/avrxmega3/short-calls\libm.a(mulsf3.o)
                0x00001320                __mulsf3
 .text.avr-libc.fplib
                0x00001328       0xd2 c:/program files (x86)/atmel/studio/7.0/toolchain/avr8/avr8-gnu-toolchain/bin/../lib/gcc/avr/5.4.0/../../../../avr/lib/avrxmega3/short-calls\libm.a(mulsf3x.o)
                0x00001346                __mulsf3x
                0x0000134c                __mulsf3_pse
 .text.libgcc.div
                0x000013fa       0x44 c:/program files (x86)/atmel/studio/7.0/toolchain/avr8/avr8-gnu-toolchain/bin/../lib/gcc/avr/5.4.0/avrxmega3/short-calls\libgcc.a(_udivmodsi4.o)
                0x000013fa                __udivmodsi4
 .text.libgcc.mul
                0x0000143e       0x14 c:/program files (x86)/atmel/studio/7.0/toolchain/avr8/avr8-gnu-toolchain/bin/../lib/gcc/avr/5.4.0/avrxmega3/short-calls\libgcc.a(_muluhisi3.o)
                0x0000143e                __muluhisi3
 .text.libgcc   0x00001452        0xc c:/program files (x86)/atmel/studio/7.0/toolchain/avr8/avr8-gnu-toolchain/bin/../lib/gcc/avr/5.4.0/avrxmega3/short-calls\libgcc.a(_tablejump2.o)
                0x00001452                __tablejump2__
 .text.libgcc.mul
                0x0000145e       0x18 c:/program files (x86)/atmel/studio/7.0/toolchain/avr8/avr8-gnu-toolchain/bin/../lib/gcc/avr/5.4.0/avrxmega3/short-calls\libgcc.a(_umulhisi3.o)
                0x0000145e                __umulhisi3
 .text.avr-libc
                0x00001476      0x242 c:/program files (x86)/atmel/studio/7.0/toolchain/avr8/avr8-gnu-toolchain/bin/../lib/gcc/avr/5.4.0/../../../../avr/lib/avrxmega3/short-calls\libc.a(malloc.o)
                0x00001476                malloc
                0x000015a6                free
                0x000016b8                . = ALIGN (0x2)
 *(.fini9)
 .fini9         0x000016b8        0x0 c:/program files (x86)/atmel/studio/7.0/toolchain/avr8/avr8-gnu-toolchain/bin/../lib/gcc/avr/5.4.0/avrxmega3/short-calls\libgcc.a(_exit.o)
                0x000016b8                _exit
                0x000016b8                exit
 *(.fini9)
 *(.fini8)
 *(.fini8)
 *(.fini7)
 *(.fini7)
 *(.fini6)
 .fini6         0x000016b8       0x14 c:/program files (x86)/atmel/studio/7.0/toolchain/avr8/avr8-gnu-toolchain/bin/../lib/gcc/avr/5.4.0/avrxmega3/short-calls\libgcc.a(_dtors.o)
                0x000016b8                __do_global_dtors
 *(.fini6)
 *(.fini5)
 *(.fini5)
 *(.fini4)
 *(.fini4)
 *(.fini3)
 *(.fini3)
 *(.fini2)
 *(.fini2)
 *(.fini1)
 *(.fini1)
 *(.fini0)
 .fini0         0x000016cc        0x4 c:/program files (x86)/atmel/studio/7.0/toolchain/avr8/avr8-gnu-toolchain/bin/../lib/gcc/avr/5.4.0/avrxmega3/short-calls\libgcc.a(_exit.o)
 *(.fini0)
                0x000016d0                _etext = .

.rodata         0x000096d0       0x10 load address 0x000016d0
 *(.rodata)
 .rodata        0x000096d0       0x10 libraries/tca/ATtiny814_TCA.o
 *(.rodata*)
 *(.gnu.linkonce.r*)

.data           0x00803e00        0x6 load address 0x000016e0
                0x00803e00                PROVIDE (__data_start, .)
 *(.data)
 .data          0x00803e00        0x6 c:/program files (x86)/atmel/studio/7.0/toolchain/avr8/avr8-gnu-toolchain/bin/../lib/gcc/avr/5.4.0/../../../../avr/lib/avrxmega3/short-calls\libc.a(malloc.o)
                0x00803e00                __malloc_heap_end
                0x00803e02                __malloc_heap_start
                0x00803e04                __malloc_margin
 *(.data*)
 *(.gnu.linkonce.d*)
                0x00803e06                . = ALIGN (0x2)
                0x00803e06                _edata = .
                0x00803e06                PROVIDE (__data_end, .)

.bss            0x00803e06       0x4d
                0x00803e06                PROVIDE (__bss_start, .)
 *(.bss)
 *(.bss*)
 .bss.TWI_Interface
                0x00803e06        0xd libraries/twi/ATtiny814_TWI.o
                0x00803e06                TWI_Interface
 .bss.heaterPA3
                0x00803e13        0xc main.o
                0x00803e13                heaterPA3
 .bss.tempPA2   0x00803e1f        0xd main.o
                0x00803e1f                tempPA2
 .bss.tempPA1   0x00803e2c        0xd main.o
                0x00803e2c                tempPA1
 .bss.heaterTimer
                0x00803e39       0x16 main.o
                0x00803e39                heaterTimer
 *(COMMON)
 COMMON         0x00803e4f        0x4 c:/program files (x86)/atmel/studio/7.0/toolchain/avr8/avr8-gnu-toolchain/bin/../lib/gcc/avr/5.4.0/../../../../avr/lib/avrxmega3/short-calls\libc.a(malloc.o)
                0x00803e4f                __brkval
                0x00803e51                __flp
                0x00803e53                PROVIDE (__bss_end, .)
                0x000016e0                __data_load_start = LOADADDR (.data)
                0x000016e6                __data_load_end = (__data_load_start + SIZEOF (.data))

.noinit         0x00803e53        0x0
                [!provide]                PROVIDE (__noinit_start, .)
 *(.noinit*)
                [!provide]                PROVIDE (__noinit_end, .)
                0x00803e53                _end = .
                0x00803e53                PROVIDE (__heap_start, .)

.eeprom         0x00810000        0x0
 *(.eeprom*)
                0x00810000                __eeprom_end = .

.fuse
 *(.fuse)
 *(.lfuse)
 *(.hfuse)
 *(.efuse)

.lock
 *(.lock*)

.signature
 *(.signature*)

.user_signatures
 *(.user_signatures*)

.stab
 *(.stab)

.stabstr
 *(.stabstr)

.stab.excl
 *(.stab.excl)

.stab.exclstr
 *(.stab.exclstr)

.stab.index
 *(.stab.index)

.stab.indexstr
 *(.stab.indexstr)

.comment        0x00000000       0x30
 *(.comment)
 .comment       0x00000000       0x30 libraries/adc/ATtiny814_ADC.o
                                 0x31 (size before relaxing)
 .comment       0x00000030       0x31 libraries/clock-controller/ClockController.o
 .comment       0x00000030       0x31 libraries/onboard-heater/ATtiny814_OnBoardHeater.o
 .comment       0x00000030       0x31 libraries/onboard-temperature-sensor/ATtiny814_OnBoardTemperatureSensor.o
 .comment       0x00000030       0x31 libraries/tca/ATtiny814_TCA.o
 .comment       0x00000030       0x31 libraries/twi/ATtiny814_TWI.o
 .comment       0x00000030       0x31 main.o
 .comment       0x00000030       0x31 c:/program files (x86)/atmel/studio/7.0/toolchain/avr8/avr8-gnu-toolchain/bin/../lib/gcc/avr/5.4.0/../../../../avr/lib/avrxmega3/short-calls\libc.a(malloc.o)

.note.gnu.avr.deviceinfo
                0x00000000       0x3c
 .note.gnu.avr.deviceinfo
                0x00000000       0x3c C:/Program Files (x86)/Atmel/Studio/7.0/Packs/atmel/ATtiny_DFP/1.3.229/gcc/dev/attiny814/avrxmega3/short-calls/crtattiny814.o

.note.gnu.build-id
 *(.note.gnu.build-id)

.debug
 *(.debug)

.line
 *(.line)

.debug_srcinfo
 *(.debug_srcinfo)

.debug_sfnames
 *(.debug_sfnames)

.debug_aranges  0x00000000      0x450
 *(.debug_aranges)
 .debug_aranges
                0x00000000      0x128 libraries/adc/ATtiny814_ADC.o
 .debug_aranges
                0x00000128      0x100 libraries/clock-controller/ClockController.o
 .debug_aranges
                0x00000228       0x48 libraries/onboard-heater/ATtiny814_OnBoardHeater.o
 .debug_aranges
                0x00000270       0x30 libraries/onboard-temperature-sensor/ATtiny814_OnBoardTemperatureSensor.o
 .debug_aranges
                0x000002a0       0xb0 libraries/tca/ATtiny814_TCA.o
 .debug_aranges
                0x00000350       0xc0 libraries/twi/ATtiny814_TWI.o
 .debug_aranges
                0x00000410       0x40 main.o

.debug_pubnames
 *(.debug_pubnames)

.debug_info     0x00000000     0x9394
 *(.debug_info .gnu.linkonce.wi.*)
 .debug_info    0x00000000     0x1566 C:/Program Files (x86)/Atmel/Studio/7.0/Packs/atmel/ATtiny_DFP/1.3.229/gcc/dev/attiny814/avrxmega3/short-calls/crtattiny814.o
 .debug_info    0x00001566     0x129a libraries/adc/ATtiny814_ADC.o
 .debug_info    0x00002800      0xa9d libraries/clock-controller/ClockController.o
 .debug_info    0x0000329d      0x59e libraries/onboard-heater/ATtiny814_OnBoardHeater.o
 .debug_info    0x0000383b      0x8e0 libraries/onboard-temperature-sensor/ATtiny814_OnBoardTemperatureSensor.o
 .debug_info    0x0000411b     0x1728 libraries/tca/ATtiny814_TCA.o
 .debug_info    0x00005843     0x1399 libraries/twi/ATtiny814_TWI.o
 .debug_info    0x00006bdc     0x27b8 main.o

.debug_abbrev   0x00000000     0x26cb
 *(.debug_abbrev)
 .debug_abbrev  0x00000000     0x143e C:/Program Files (x86)/Atmel/Studio/7.0/Packs/atmel/ATtiny_DFP/1.3.229/gcc/dev/attiny814/avrxmega3/short-calls/crtattiny814.o
 .debug_abbrev  0x0000143e      0x2c6 libraries/adc/ATtiny814_ADC.o
 .debug_abbrev  0x00001704      0x15b libraries/clock-controller/ClockController.o
 .debug_abbrev  0x0000185f      0x1f6 libraries/onboard-heater/ATtiny814_OnBoardHeater.o
 .debug_abbrev  0x00001a55      0x1b6 libraries/onboard-temperature-sensor/ATtiny814_OnBoardTemperatureSensor.o
 .debug_abbrev  0x00001c0b      0x36a libraries/tca/ATtiny814_TCA.o
 .debug_abbrev  0x00001f75      0x357 libraries/twi/ATtiny814_TWI.o
 .debug_abbrev  0x000022cc      0x3ff main.o

.debug_line     0x00000000     0x1fdb
 *(.debug_line .debug_line.* .debug_line_end)
 .debug_line    0x00000000      0x136 C:/Program Files (x86)/Atmel/Studio/7.0/Packs/atmel/ATtiny_DFP/1.3.229/gcc/dev/attiny814/avrxmega3/short-calls/crtattiny814.o
 .debug_line    0x00000136      0x5ba libraries/adc/ATtiny814_ADC.o
 .debug_line    0x000006f0      0x4af libraries/clock-controller/ClockController.o
 .debug_line    0x00000b9f      0x293 libraries/onboard-heater/ATtiny814_OnBoardHeater.o
 .debug_line    0x00000e32      0x1a5 libraries/onboard-temperature-sensor/ATtiny814_OnBoardTemperatureSensor.o
 .debug_line    0x00000fd7      0x6c2 libraries/tca/ATtiny814_TCA.o
 .debug_line    0x00001699      0x553 libraries/twi/ATtiny814_TWI.o
 .debug_line    0x00001bec      0x3ef main.o

.debug_frame    0x00000000      0xbb0
 *(.debug_frame)
 .debug_frame   0x00000000      0x2bc libraries/adc/ATtiny814_ADC.o
 .debug_frame   0x000002bc      0x1e4 libraries/clock-controller/ClockController.o
 .debug_frame   0x000004a0       0xf0 libraries/onboard-heater/ATtiny814_OnBoardHeater.o
 .debug_frame   0x00000590       0x80 libraries/onboard-temperature-sensor/ATtiny814_OnBoardTemperatureSensor.o
 .debug_frame   0x00000610      0x288 libraries/tca/ATtiny814_TCA.o
 .debug_frame   0x00000898      0x23c libraries/twi/ATtiny814_TWI.o
 .debug_frame   0x00000ad4       0xdc main.o

.debug_str      0x00000000     0x36fd
 *(.debug_str)
 .debug_str     0x00000000      0x921 C:/Program Files (x86)/Atmel/Studio/7.0/Packs/atmel/ATtiny_DFP/1.3.229/gcc/dev/attiny814/avrxmega3/short-calls/crtattiny814.o
 .debug_str     0x00000921      0xccf libraries/adc/ATtiny814_ADC.o
                                0xdb2 (size before relaxing)
 .debug_str     0x000015f0      0xabf libraries/clock-controller/ClockController.o
                                0xd54 (size before relaxing)
 .debug_str     0x000020af      0x2ec libraries/onboard-heater/ATtiny814_OnBoardHeater.o
                                0x57f (size before relaxing)
 .debug_str     0x0000239b      0x14e libraries/onboard-temperature-sensor/ATtiny814_OnBoardTemperatureSensor.o
                                0xcd6 (size before relaxing)
 .debug_str     0x000024e9      0xa1b libraries/tca/ATtiny814_TCA.o
                                0xe76 (size before relaxing)
 .debug_str     0x00002f04      0x6f5 libraries/twi/ATtiny814_TWI.o
                                0xaee (size before relaxing)
 .debug_str     0x000035f9      0x104 main.o
                               0x2149 (size before relaxing)

.debug_loc      0x00000000     0x2ec2
 *(.debug_loc)
 .debug_loc     0x00000000      0x9e6 libraries/adc/ATtiny814_ADC.o
 .debug_loc     0x000009e6      0x221 libraries/clock-controller/ClockController.o
 .debug_loc     0x00000c07      0x411 libraries/onboard-heater/ATtiny814_OnBoardHeater.o
 .debug_loc     0x00001018      0x219 libraries/onboard-temperature-sensor/ATtiny814_OnBoardTemperatureSensor.o
 .debug_loc     0x00001231      0xee3 libraries/tca/ATtiny814_TCA.o
 .debug_loc     0x00002114      0xad2 libraries/twi/ATtiny814_TWI.o
 .debug_loc     0x00002be6      0x2dc main.o

.debug_macinfo
 *(.debug_macinfo)

.debug_weaknames
 *(.debug_weaknames)

.debug_funcnames
 *(.debug_funcnames)

.debug_typenames
 *(.debug_typenames)

.debug_varnames
 *(.debug_varnames)

.debug_pubtypes
 *(.debug_pubtypes)

.debug_ranges   0x00000000      0x3f8
 *(.debug_ranges)
 .debug_ranges  0x00000000      0x118 libraries/adc/ATtiny814_ADC.o
 .debug_ranges  0x00000118       0xf0 libraries/clock-controller/ClockController.o
 .debug_ranges  0x00000208       0x38 libraries/onboard-heater/ATtiny814_OnBoardHeater.o
 .debug_ranges  0x00000240       0x20 libraries/onboard-temperature-sensor/ATtiny814_OnBoardTemperatureSensor.o
 .debug_ranges  0x00000260       0xb8 libraries/tca/ATtiny814_TCA.o
 .debug_ranges  0x00000318       0xb0 libraries/twi/ATtiny814_TWI.o
 .debug_ranges  0x000003c8       0x30 main.o

.debug_macro
 *(.debug_macro)
OUTPUT(PoCController_ATtiny814.elf elf32-avr)
LOAD linker stubs
